Component: ARM Compiler 5.05 update 1 (build 106) Tool: armlink [4d0efa]

==============================================================================

Section Cross References

    startup_stm32f40xx.o(STACK) refers (Special) to heapauxi.o(.text) for __use_two_region_memory
    startup_stm32f40xx.o(HEAP) refers (Special) to heapauxi.o(.text) for __use_two_region_memory
    startup_stm32f40xx.o(RESET) refers (Special) to heapauxi.o(.text) for __use_two_region_memory
    startup_stm32f40xx.o(RESET) refers to startup_stm32f40xx.o(STACK) for __initial_sp
    startup_stm32f40xx.o(RESET) refers to startup_stm32f40xx.o(.text) for Reset_Handler
    startup_stm32f40xx.o(RESET) refers to gec_time.o(i.SysTick_Handler) for SysTick_Handler
    startup_stm32f40xx.o(RESET) refers to gec_int.o(i.WWDG_IRQHandler) for WWDG_IRQHandler
    startup_stm32f40xx.o(RESET) refers to gec_int.o(i.PVD_IRQHandler) for PVD_IRQHandler
    startup_stm32f40xx.o(RESET) refers to gec_int.o(i.TAMP_STAMP_IRQHandler) for TAMP_STAMP_IRQHandler
    startup_stm32f40xx.o(RESET) refers to gec_int.o(i.RTC_WKUP_IRQHandler) for RTC_WKUP_IRQHandler
    startup_stm32f40xx.o(RESET) refers to gec_int.o(i.FLASH_IRQHandler) for FLASH_IRQHandler
    startup_stm32f40xx.o(RESET) refers to gec_int.o(i.RCC_IRQHandler) for RCC_IRQHandler
    startup_stm32f40xx.o(RESET) refers to gec_int.o(i.EXTI0_IRQHandler) for EXTI0_IRQHandler
    startup_stm32f40xx.o(RESET) refers to gec_int.o(i.EXTI1_IRQHandler) for EXTI1_IRQHandler
    startup_stm32f40xx.o(RESET) refers to gec_int.o(i.EXTI2_IRQHandler) for EXTI2_IRQHandler
    startup_stm32f40xx.o(RESET) refers to gec_int.o(i.EXTI3_IRQHandler) for EXTI3_IRQHandler
    startup_stm32f40xx.o(RESET) refers to gec_int.o(i.EXTI4_IRQHandler) for EXTI4_IRQHandler
    startup_stm32f40xx.o(RESET) refers to gec_int.o(i.DMA1_Stream0_IRQHandler) for DMA1_Stream0_IRQHandler
    startup_stm32f40xx.o(RESET) refers to gec_int.o(i.DMA1_Stream1_IRQHandler) for DMA1_Stream1_IRQHandler
    startup_stm32f40xx.o(RESET) refers to gec_int.o(i.DMA1_Stream2_IRQHandler) for DMA1_Stream2_IRQHandler
    startup_stm32f40xx.o(RESET) refers to gec_int.o(i.DMA1_Stream3_IRQHandler) for DMA1_Stream3_IRQHandler
    startup_stm32f40xx.o(RESET) refers to gec_int.o(i.DMA1_Stream4_IRQHandler) for DMA1_Stream4_IRQHandler
    startup_stm32f40xx.o(RESET) refers to gec_int.o(i.DMA1_Stream5_IRQHandler) for DMA1_Stream5_IRQHandler
    startup_stm32f40xx.o(RESET) refers to gec_int.o(i.DMA1_Stream6_IRQHandler) for DMA1_Stream6_IRQHandler
    startup_stm32f40xx.o(RESET) refers to gec_int.o(i.ADC_IRQHandler) for ADC_IRQHandler
    startup_stm32f40xx.o(RESET) refers to gec_int.o(i.CAN1_TX_IRQHandler) for CAN1_TX_IRQHandler
    startup_stm32f40xx.o(RESET) refers to gec_int.o(i.CAN1_RX0_IRQHandler) for CAN1_RX0_IRQHandler
    startup_stm32f40xx.o(RESET) refers to gec_int.o(i.CAN1_RX1_IRQHandler) for CAN1_RX1_IRQHandler
    startup_stm32f40xx.o(RESET) refers to gec_int.o(i.CAN1_SCE_IRQHandler) for CAN1_SCE_IRQHandler
    startup_stm32f40xx.o(RESET) refers to gec_int.o(i.EXTI9_5_IRQHandler) for EXTI9_5_IRQHandler
    startup_stm32f40xx.o(RESET) refers to gec_int.o(i.TIM1_BRK_TIM9_IRQHandler) for TIM1_BRK_TIM9_IRQHandler
    startup_stm32f40xx.o(RESET) refers to gec_int.o(i.TIM1_UP_TIM10_IRQHandler) for TIM1_UP_TIM10_IRQHandler
    startup_stm32f40xx.o(RESET) refers to gec_int.o(i.TIM1_TRG_COM_TIM11_IRQHandler) for TIM1_TRG_COM_TIM11_IRQHandler
    startup_stm32f40xx.o(RESET) refers to gec_int.o(i.TIM1_CC_IRQHandler) for TIM1_CC_IRQHandler
    startup_stm32f40xx.o(RESET) refers to gec_int.o(i.TIM2_IRQHandler) for TIM2_IRQHandler
    startup_stm32f40xx.o(RESET) refers to gec_int.o(i.TIM3_IRQHandler) for TIM3_IRQHandler
    startup_stm32f40xx.o(RESET) refers to gec_int.o(i.TIM4_IRQHandler) for TIM4_IRQHandler
    startup_stm32f40xx.o(RESET) refers to gec_int.o(i.I2C1_EV_IRQHandler) for I2C1_EV_IRQHandler
    startup_stm32f40xx.o(RESET) refers to gec_int.o(i.I2C1_ER_IRQHandler) for I2C1_ER_IRQHandler
    startup_stm32f40xx.o(RESET) refers to gec_int.o(i.I2C2_EV_IRQHandler) for I2C2_EV_IRQHandler
    startup_stm32f40xx.o(RESET) refers to gec_int.o(i.I2C2_ER_IRQHandler) for I2C2_ER_IRQHandler
    startup_stm32f40xx.o(RESET) refers to gec_int.o(i.SPI1_IRQHandler) for SPI1_IRQHandler
    startup_stm32f40xx.o(RESET) refers to gec_int.o(i.SPI2_IRQHandler) for SPI2_IRQHandler
    startup_stm32f40xx.o(RESET) refers to gec_int.o(i.USART1_IRQHandler) for USART1_IRQHandler
    startup_stm32f40xx.o(RESET) refers to gec_int.o(i.USART2_IRQHandler) for USART2_IRQHandler
    startup_stm32f40xx.o(RESET) refers to gec_int.o(i.USART3_IRQHandler) for USART3_IRQHandler
    startup_stm32f40xx.o(RESET) refers to gec_int.o(i.EXTI15_10_IRQHandler) for EXTI15_10_IRQHandler
    startup_stm32f40xx.o(RESET) refers to gec_int.o(i.RTC_Alarm_IRQHandler) for RTC_Alarm_IRQHandler
    startup_stm32f40xx.o(RESET) refers to gec_int.o(i.OTG_FS_WKUP_IRQHandler) for OTG_FS_WKUP_IRQHandler
[...]
    Removing gec_uart.o(i.fputc), (36 bytes).
    Removing gec_uart.o(.data), (4 bytes).
    Removing system_stm32f4xx.o(.rev16_text), (4 bytes).
    Removing system_stm32f4xx.o(.revsh_text), (4 bytes).
    Removing system_stm32f4xx.o(.rrx_text), (6 bytes).
    Removing system_stm32f4xx.o(i.SystemCoreClockUpdate), (192 bytes).
    Removing main.o(.rev16_text), (4 bytes).
    Removing main.o(.revsh_text), (4 bytes).
    Removing main.o(.rrx_text), (6 bytes).
    Removing led.o(.rev16_text), (4 bytes).
    Removing led.o(.revsh_text), (4 bytes).
    Removing led.o(.rrx_text), (6 bytes).
    Removing led.o(i.led_control), (152 bytes).
    Removing key.o(.rev16_text), (4 bytes).
    Removing key.o(.revsh_text), (4 bytes).
    Removing key.o(.rrx_text), (6 bytes).
    Removing key.o(i.key_init), (308 bytes).
    Removing uart.o(.rev16_text), (4 bytes).
    Removing uart.o(.revsh_text), (4 bytes).
    Removing uart.o(.rrx_text), (6 bytes).

858 unused section(s) (total 37250 bytes) removed from the image.

==============================================================================

Image Symbol Table

    Local Symbols

    Symbol Name                              Value     Ov Type        Size  Object(Section)

    ../clib/angel/boardlib.s                 0x00000000   Number         0  boardinit2.o ABSOLUTE
    ../clib/angel/boardlib.s                 0x00000000   Number         0  boardinit1.o ABSOLUTE
    ../clib/angel/boardlib.s                 0x00000000   Number         0  boardinit3.o ABSOLUTE
    ../clib/angel/boardlib.s                 0x00000000   Number         0  boardshut.o ABSOLUTE
    ../clib/angel/handlers.s                 0x00000000   Number         0  __scatter_zi.o ABSOLUTE
    ../clib/angel/handlers.s                 0x00000000   Number         0  __scatter_copy.o ABSOLUTE
    ../clib/angel/kernel.s                   0x00000000   Number         0  __rtentry.o ABSOLUTE
    ../clib/angel/kernel.s                   0x00000000   Number         0  __rtentry2.o ABSOLUTE
    ../clib/angel/kernel.s                   0x00000000   Number         0  __rtentry4.o ABSOLUTE
    ../clib/angel/kernel.s                   0x00000000   Number         0  rtexit2.o ABSOLUTE
    ../clib/angel/kernel.s                   0x00000000   Number         0  rtexit.o ABSOLUTE
    ../clib/angel/rt.s                       0x00000000   Number         0  rt_raise.o ABSOLUTE
    ../clib/angel/scatter.s                  0x00000000   Number         0  __scatter.o ABSOLUTE
    ../clib/angel/startup.s                  0x00000000   Number         0  __main.o ABSOLUTE
    ../clib/angel/sys.s                      0x00000000   Number         0  indicate_semi.o ABSOLUTE
    ../clib/angel/sys.s                      0x00000000   Number         0  use_no_semi.o ABSOLUTE
    ../clib/angel/sys.s                      0x00000000   Number         0  libspace.o ABSOLUTE
    ../clib/angel/sys.s                      0x00000000   Number         0  sys_stackheap_outer.o ABSOLUTE
    ../clib/angel/sysapp.c                   0x00000000   Number         0  sys_exit.o ABSOLUTE
    ../clib/angel/sysapp.c                   0x00000000   Number         0  sys_wrch.o ABSOLUTE
    ../clib/angel/sysapp.c                   0x00000000   Number         0  sys_command.o ABSOLUTE
    ../clib/armsys.c                         0x00000000   Number         0  argv_veneer.o ABSOLUTE
    ../clib/armsys.c                         0x00000000   Number         0  argv_veneer.o ABSOLUTE
    ../clib/armsys.c                         0x00000000   Number         0  _get_argv_nomalloc.o ABSOLUTE
    ../clib/armsys.c                         0x00000000   Number         0  no_argv.o ABSOLUTE
    ../clib/heapalloc.c                      0x00000000   Number         0  hrguard.o ABSOLUTE
    ../clib/heapaux.c                        0x00000000   Number         0  heapauxi.o ABSOLUTE
    ../clib/libinit.s                        0x00000000   Number         0  libinit.o ABSOLUTE
    ../clib/libinit.s                        0x00000000   Number         0  libinit2.o ABSOLUTE
    ../clib/libinit.s                        0x00000000   Number         0  libshutdown2.o ABSOLUTE
    ../clib/libinit.s                        0x00000000   Number         0  libshutdown.o ABSOLUTE
    ../clib/signal.c                         0x00000000   Number         0  __raise.o ABSOLUTE
    ../clib/signal.c                         0x00000000   Number         0  defsig_rtmem_inner.o ABSOLUTE
    ../clib/signal.c                         0x00000000   Number         0  defsig_general.o ABSOLUTE
    ../clib/signal.c                         0x00000000   Number         0  defsig_abrt_inner.o ABSOLUTE
    ../clib/signal.c                         0x00000000   Number         0  defsig_rtmem_formal.o ABSOLUTE
    ../clib/signal.c                         0x00000000   Number         0  defsig_rtmem_outer.o ABSOLUTE
    ../clib/signal.c                         0x00000000   Number         0  defsig_exit.o ABSOLUTE
    ../clib/signal.c                         0x00000000   Number         0  defsig_stak_inner.o ABSOLUTE
    ../clib/signal.c                         0x00000000   Number         0  defsig_rtred_inner.o ABSOLUTE
    ../clib/signal.c                         0x00000000   Number         0  defsig_cppl_inner.o ABSOLUTE
    ../clib/signal.c                         0x00000000   Number         0  defsig_segv_inner.o ABSOLUTE
    ../clib/signal.c                         0x00000000   Number         0  defsig_fpe_inner.o ABSOLUTE
    ../clib/signal.c                         0x00000000   Number         0  defsig_other.o ABSOLUTE
    ../clib/signal.c                         0x00000000   Number         0  defsig_pvfn_inner.o ABSOLUTE
    ../clib/signal.s                         0x00000000   Number         0  defsig.o ABSOLUTE
    ../clib/stdlib.c                         0x00000000   Number         0  exit.o ABSOLUTE
    ../fplib/fpinit.s                        0x00000000   Number         0  fpinit.o ABSOLUTE
    ..\..\CORE\startup_stm32f40xx.s          0x00000000   Number         0  startup_stm32f40xx.o ABSOLUTE
    ..\..\FWLIB\src\misc.c                   0x00000000   Number         0  misc.o ABSOLUTE
    ..\..\FWLIB\src\stm32f4xx_adc.c          0x00000000   Number         0  stm32f4xx_adc.o ABSOLUTE
    ..\..\FWLIB\src\stm32f4xx_can.c          0x00000000   Number         0  stm32f4xx_can.o ABSOLUTE
    ..\..\FWLIB\src\stm32f4xx_cec.c          0x00000000   Number         0  stm32f4xx_cec.o ABSOLUTE
    ..\..\FWLIB\src\stm32f4xx_crc.c          0x00000000   Number         0  stm32f4xx_crc.o ABSOLUTE
    ..\..\FWLIB\src\stm32f4xx_cryp.c         0x00000000   Number         0  stm32f4xx_cryp.o ABSOLUTE
    ..\..\FWLIB\src\stm32f4xx_cryp_aes.c     0x00000000   Number         0  stm32f4xx_cryp_aes.o ABSOLUTE
    ..\..\FWLIB\src\stm32f4xx_cryp_des.c     0x00000000   Number         0  stm32f4xx_cryp_des.o ABSOLUTE
    ..\..\FWLIB\src\stm32f4xx_cryp_tdes.c    0x00000000   Number         0  stm32f4xx_cryp_tdes.o ABSOLUTE
    ..\..\FWLIB\src\stm32f4xx_dac.c          0x00000000   Number         0  stm32f4xx_dac.o ABSOLUTE
    ..\..\FWLIB\src\stm32f4xx_dbgmcu.c       0x00000000   Number         0  stm32f4xx_dbgmcu.o ABSOLUTE
    ..\..\FWLIB\src\stm32f4xx_dcmi.c         0x00000000   Number         0  stm32f4xx_dcmi.o ABSOLUTE
    ..\..\FWLIB\src\stm32f4xx_dfsdm.c        0x00000000   Number         0  stm32f4xx_dfsdm.o ABSOLUTE
    ..\..\FWLIB\src\stm32f4xx_dma.c          0x00000000   Number         0  stm32f4xx_dma.o ABSOLUTE
    ..\..\FWLIB\src\stm32f4xx_dma2d.c        0x00000000   Number         0  stm32f4xx_dma2d.o ABSOLUTE
    ..\..\FWLIB\src\stm32f4xx_dsi.c          0x00000000   Number         0  stm32f4xx_dsi.o ABSOLUTE
    ..\..\FWLIB\src\stm32f4xx_exti.c         0x00000000   Number         0  stm32f4xx_exti.o ABSOLUTE
    ..\..\FWLIB\src\stm32f4xx_flash.c        0x00000000   Number         0  stm32f4xx_flash.o ABSOLUTE
    ..\..\FWLIB\src\stm32f4xx_flash_ramfunc.c 0x00000000   Number         0  stm32f4xx_flash_ramfunc.o ABSOLUTE
    ..\..\FWLIB\src\stm32f4xx_fmpi2c.c       0x00000000   Number         0  stm32f4xx_fmpi2c.o ABSOLUTE
    ..\..\FWLIB\src\stm32f4xx_fsmc.c         0x00000000   Number         0  stm32f4xx_fsmc.o ABSOLUTE
    ..\..\FWLIB\src\stm32f4xx_gpio.c         0x00000000   Number         0  stm32f4xx_gpio.o ABSOLUTE
    ..\..\FWLIB\src\stm32f4xx_hash.c         0x00000000   Number         0  stm32f4xx_hash.o ABSOLUTE
    ..\..\FWLIB\src\stm32f4xx_hash_md5.c     0x00000000   Number         0  stm32f4xx_hash_md5.o ABSOLUTE
    ..\..\FWLIB\src\stm32f4xx_hash_sha1.c    0x00000000   Number         0  stm32f4xx_hash_sha1.o ABSOLUTE
    ..\..\FWLIB\src\stm32f4xx_i2c.c          0x00000000   Number         0  stm32f4xx_i2c.o ABSOLUTE
    ..\..\FWLIB\src\stm32f4xx_iwdg.c         0x00000000   Number         0  stm32f4xx_iwdg.o ABSOLUTE
    ..\..\FWLIB\src\stm32f4xx_lptim.c        0x00000000   Number         0  stm32f4xx_lptim.o ABSOLUTE
    ..\..\FWLIB\src\stm32f4xx_ltdc.c         0x00000000   Number         0  stm32f4xx_ltdc.o ABSOLUTE
    ..\..\FWLIB\src\stm32f4xx_pwr.c          0x00000000   Number         0  stm32f4xx_pwr.o ABSOLUTE
    ..\..\FWLIB\src\stm32f4xx_qspi.c         0x00000000   Number         0  stm32f4xx_qspi.o ABSOLUTE
    ..\..\FWLIB\src\stm32f4xx_rcc.c          0x00000000   Number         0  stm32f4xx_rcc.o ABSOLUTE
    ..\..\FWLIB\src\stm32f4xx_rng.c          0x00000000   Number         0  stm32f4xx_rng.o ABSOLUTE
    ..\..\FWLIB\src\stm32f4xx_rtc.c          0x00000000   Number         0  stm32f4xx_rtc.o ABSOLUTE
    ..\..\FWLIB\src\stm32f4xx_sai.c          0x00000000   Number         0  stm32f4xx_sai.o ABSOLUTE
    ..\..\FWLIB\src\stm32f4xx_sdio.c         0x00000000   Number         0  stm32f4xx_sdio.o ABSOLUTE
    ..\..\FWLIB\src\stm32f4xx_spdifrx.c      0x00000000   Number         0  stm32f4xx_spdifrx.o ABSOLUTE
    ..\..\FWLIB\src\stm32f4xx_spi.c          0x00000000   Number         0  stm32f4xx_spi.o ABSOLUTE
    ..\..\FWLIB\src\stm32f4xx_syscfg.c       0x00000000   Number         0  stm32f4xx_syscfg.o ABSOLUTE
    ..\..\FWLIB\src\stm32f4xx_tim.c          0x00000000   Number         0  stm32f4xx_tim.o ABSOLUTE
    ..\..\FWLIB\src\stm32f4xx_usart.c        0x00000000   Number         0  stm32f4xx_usart.o ABSOLUTE
    ..\..\FWLIB\src\stm32f4xx_wwdg.c         0x00000000   Number         0  stm32f4xx_wwdg.o ABSOLUTE
    ..\..\GEC_LIB\gec_gpio.c                 0x00000000   Number         0  gec_gpio.o ABSOLUTE
    ..\..\GEC_LIB\gec_i2c.c                  0x00000000   Number         0  gec_i2c.o ABSOLUTE
    ..\..\GEC_LIB\gec_init.c                 0x00000000   Number         0  gec_init.o ABSOLUTE
    ..\..\GEC_LIB\gec_int.c                  0x00000000   Number         0  gec_int.o ABSOLUTE
    ..\..\GEC_LIB\gec_time.c                 0x00000000   Number         0  gec_time.o ABSOLUTE
    ..\..\GEC_LIB\gec_uart.c                 0x00000000   Number         0  gec_uart.o ABSOLUTE
    ..\..\GEC_LIB\system_stm32f4xx.c         0x00000000   Number         0  system_stm32f4xx.o ABSOLUTE
    ..\\..\\FWLIB\\src\\misc.c               0x00000000   Number         0  misc.o ABSOLUTE
    ..\\..\\FWLIB\\src\\stm32f4xx_adc.c      0x00000000   Number         0  stm32f4xx_adc.o ABSOLUTE
    ..\\..\\FWLIB\\src\\stm32f4xx_can.c      0x00000000   Number         0  stm32f4xx_can.o ABSOLUTE
    ..\\..\\FWLIB\\src\\stm32f4xx_cec.c      0x00000000   Number         0  stm32f4xx_cec.o ABSOLUTE
    ..\\..\\FWLIB\\src\\stm32f4xx_crc.c      0x00000000   Number         0  stm32f4xx_crc.o ABSOLUTE
    ..\\..\\FWLIB\\src\\stm32f4xx_cryp.c     0x00000000   Number         0  stm32f4xx_cryp.o ABSOLUTE
    ..\\..\\FWLIB\\src\\stm32f4xx_cryp_aes.c 0x00000000   Number         0  stm32f4xx_cryp_aes.o ABSOLUTE
    ..\\..\\FWLIB\\src\\stm32f4xx_cryp_des.c 0x00000000   Number         0  stm32f4xx_cryp_des.o ABSOLUTE
    ..\\..\\FWLIB\\src\\stm32f4xx_cryp_tdes.c 0x00000000   Number         0  stm32f4xx_cryp_tdes.o ABSOLUTE
    ..\\..\\FWLIB\\src\\stm32f4xx_dac.c      0x00000000   Number         0  stm32f4xx_dac.o ABSOLUTE
    ..\\..\\FWLIB\\src\\stm32f4xx_dbgmcu.c   0x00000000   Number         0  stm32f4xx_dbgmcu.o ABSOLUTE
    ..\\..\\FWLIB\\src\\stm32f4xx_dcmi.c     0x00000000   Number         0  stm32f4xx_dcmi.o ABSOLUTE
    ..\\..\\FWLIB\\src\\stm32f4xx_dfsdm.c    0x00000000   Number         0  stm32f4xx_dfsdm.o ABSOLUTE
    ..\\..\\FWLIB\\src\\stm32f4xx_dma.c      0x00000000   Number         0  stm32f4xx_dma.o ABSOLUTE
    ..\\..\\FWLIB\\src\\stm32f4xx_dma2d.c    0x00000000   Number         0  stm32f4xx_dma2d.o ABSOLUTE
    ..\\..\\FWLIB\\src\\stm32f4xx_dsi.c      0x00000000   Number         0  stm32f4xx_dsi.o ABSOLUTE
    ..\\..\\FWLIB\\src\\stm32f4xx_exti.c     0x00000000   Number         0  stm32f4xx_exti.o ABSOLUTE
    ..\\..\\FWLIB\\src\\stm32f4xx_flash.c    0x00000000   Number         0  stm32f4xx_flash.o ABSOLUTE
    ..\\..\\FWLIB\\src\\stm32f4xx_flash_ramfunc.c 0x00000000   Number         0  stm32f4xx_flash_ramfunc.o ABSOLUTE
    ..\\..\\FWLIB\\src\\stm32f4xx_fmpi2c.c   0x00000000   Number         0  stm32f4xx_fmpi2c.o ABSOLUTE
    ..\\..\\FWLIB\\src\\stm32f4xx_fsmc.c     0x00000000   Number         0  stm32f4xx_fsmc.o ABSOLUTE
    ..\\..\\FWLIB\\src\\stm32f4xx_gpio.c     0x00000000   Number         0  stm32f4xx_gpio.o ABSOLUTE
    ..\\..\\FWLIB\\src\\stm32f4xx_hash.c     0x00000000   Number         0  stm32f4xx_hash.o ABSOLUTE
    ..\\..\\FWLIB\\src\\stm32f4xx_hash_md5.c 0x00000000   Number         0  stm32f4xx_hash_md5.o ABSOLUTE
    ..\\..\\FWLIB\\src\\stm32f4xx_hash_sha1.c 0x00000000   Number         0  stm32f4xx_hash_sha1.o ABSOLUTE
    ..\\..\\FWLIB\\src\\stm32f4xx_i2c.c      0x00000000   Number         0  stm32f4xx_i2c.o ABSOLUTE
    ..\\..\\FWLIB\\src\\stm32f4xx_iwdg.c     0x00000000   Number         0  stm32f4xx_iwdg.o ABSOLUTE
    ..\\..\\FWLIB\\src\\stm32f4xx_lptim.c    0x00000000   Number         0  stm32f4xx_lptim.o ABSOLUTE
    ..\\..\\FWLIB\\src\\stm32f4xx_ltdc.c     0x00000000   Number         0  stm32f4xx_ltdc.o ABSOLUTE
    ..\\..\\FWLIB\\src\\stm32f4xx_pwr.c      0x00000000   Number         0  stm32f4xx_pwr.o ABSOLUTE
    ..\\..\\FWLIB\\src\\stm32f4xx_qspi.c     0x00000000   Number         0  stm32f4xx_qspi.o ABSOLUTE
    ..\\..\\FWLIB\\src\\stm32f4xx_rcc.c      0x00000000   Number         0  stm32f4xx_rcc.o ABSOLUTE
    ..\\..\\FWLIB\\src\\stm32f4xx_rng.c      0x00000000   Number         0  stm32f4xx_rng.o ABSOLUTE
    ..\\..\\FWLIB\\src\\stm32f4xx_rtc.c      0x00000000   Number         0  stm32f4xx_rtc.o ABSOLUTE
    ..\\..\\FWLIB\\src\\stm32f4xx_sai.c      0x00000000   Number         0  stm32f4xx_sai.o ABSOLUTE
    ..\\..\\FWLIB\\src\\stm32f4xx_sdio.c     0x00000000   Number         0  stm32f4xx_sdio.o ABSOLUTE
    ..\\..\\FWLIB\\src\\stm32f4xx_spdifrx.c  0x00000000   Number         0  stm32f4xx_spdifrx.o ABSOLUTE
    ..\\..\\FWLIB\\src\\stm32f4xx_spi.c      0x00000000   Number         0  stm32f4xx_spi.o ABSOLUTE
    ..\\..\\FWLIB\\src\\stm32f4xx_syscfg.c   0x00000000   Number         0  stm32f4xx_syscfg.o ABSOLUTE
    ..\\..\\FWLIB\\src\\stm32f4xx_tim.c      0x00000000   Number         0  stm32f4xx_tim.o ABSOLUTE
    ..\\..\\FWLIB\\src\\stm32f4xx_usart.c    0x00000000   Number         0  stm32f4xx_usart.o ABSOLUTE
    ..\\..\\FWLIB\\src\\stm32f4xx_wwdg.c     0x00000000   Number         0  stm32f4xx_wwdg.o ABSOLUTE
    ..\\..\\GEC_LIB\\gec_gpio.c              0x00000000   Number         0  gec_gpio.o ABSOLUTE
    ..\\..\\GEC_LIB\\gec_i2c.c               0x00000000   Number         0  gec_i2c.o ABSOLUTE
    ..\\..\\GEC_LIB\\gec_int.c               0x00000000   Number         0  gec_int.o ABSOLUTE
    ..\\..\\GEC_LIB\\gec_time.c              0x00000000   Number         0  gec_time.o ABSOLUTE
    ..\\..\\GEC_LIB\\gec_uart.c              0x00000000   Number         0  gec_uart.o ABSOLUTE
    ..\\..\\GEC_LIB\\system_stm32f4xx.c      0x00000000   Number         0  system_stm32f4xx.o ABSOLUTE
    ..\\src\\key.c                           0x00000000   Number         0  key.o ABSOLUTE
    ..\\src\\led.c                           0x00000000   Number         0  led.o ABSOLUTE
    ..\\src\\main.c                          0x00000000   Number         0  main.o ABSOLUTE
    ..\\src\\uart.c                          0x00000000   Number         0  uart.o ABSOLUTE
    ..\src\key.c                             0x00000000   Number         0  key.o ABSOLUTE
    ..\src\led.c                             0x00000000   Number         0  led.o ABSOLUTE
    ..\src\main.c                            0x00000000   Number         0  main.o ABSOLUTE
    ..\src\uart.c                            0x00000000   Number         0  uart.o ABSOLUTE
    dc.s                                     0x00000000   Number         0  dc.o ABSOLUTE
    RESET                                    0x08000000   Section      392  startup_stm32f40xx.o(RESET)
    !!!main                                  0x08000188   Section        8  __main.o(!!!main)
    !!!scatter                               0x08000190   Section       52  __scatter.o(!!!scatter)
    !!handler_copy                           0x080001c4   Section       26  __scatter_copy.o(!!handler_copy)
    !!handler_zi                             0x080001e0   Section       28  __scatter_zi.o(!!handler_zi)
    .ARM.Collect$$libinit$$00000000          0x080001fc   Section        2  libinit.o(.ARM.Collect$$libinit$$00000000)
    .ARM.Collect$$libinit$$00000001          0x080001fe   Section        4  libinit2.o(.ARM.Collect$$libinit$$00000001)
    .ARM.Collect$$libinit$$00000004          0x08000202   Section        0  libinit2.o(.ARM.Collect$$libinit$$00000004)
    .ARM.Collect$$libinit$$0000000A          0x08000202   Section        0  libinit2.o(.ARM.Collect$$libinit$$0000000A)
    .ARM.Collect$$libinit$$0000000C          0x08000202   Section        0  libinit2.o(.ARM.Collect$$libinit$$0000000C)
    .ARM.Collect$$libinit$$0000000E          0x08000202   Section        0  libinit2.o(.ARM.Collect$$libinit$$0000000E)
    .ARM.Collect$$libinit$$00000011          0x08000202   Section        0  libinit2.o(.ARM.Collect$$libinit$$00000011)
    .ARM.Collect$$libinit$$00000013          0x08000202   Section        0  libinit2.o(.ARM.Collect$$libinit$$00000013)
    .ARM.Collect$$libinit$$00000015          0x08000202   Section        0  libinit2.o(.ARM.Collect$$libinit$$00000015)
    .ARM.Collect$$libinit$$00000017          0x08000202   Section        0  libinit2.o(.ARM.Collect$$libinit$$00000017)
    .ARM.Collect$$libinit$$00000019          0x08000202   Section        0  libinit2.o(.ARM.Collect$$libinit$$00000019)
    .ARM.Collect$$libinit$$0000001B          0x08000202   Section        0  libinit2.o(.ARM.Collect$$libinit$$0000001B)
    .ARM.Collect$$libinit$$0000001D          0x08000202   Section        0  libinit2.o(.ARM.Collect$$libinit$$0000001D)
    .ARM.Collect$$libinit$$0000001F          0x08000202   Section        0  libinit2.o(.ARM.Collect$$libinit$$0000001F)
    .ARM.Collect$$libinit$$00000021          0x08000202   Section        0  libinit2.o(.ARM.Collect$$libinit$$00000021)
    .ARM.Collect$$libinit$$00000023          0x08000202   Section        0  libinit2.o(.ARM.Collect$$libinit$$00000023)
    .ARM.Collect$$libinit$$00000025          0x08000202   Section        0  libinit2.o(.ARM.Collect$$libinit$$00000025)
    .ARM.Collect$$libinit$$0000002C          0x08000202   Section        0  libinit2.o(.ARM.Collect$$libinit$$0000002C)
    .ARM.Collect$$libinit$$0000002E          0x08000202   Section        0  libinit2.o(.ARM.Collect$$libinit$$0000002E)
    .ARM.Collect$$libinit$$00000030          0x08000202   Section        0  libinit2.o(.ARM.Collect$$libinit$$00000030)
    .ARM.Collect$$libinit$$00000032          0x08000202   Section        0  libinit2.o(.ARM.Collect$$libinit$$00000032)
    .ARM.Collect$$libinit$$00000033          0x08000202   Section        2  libinit2.o(.ARM.Collect$$libinit$$00000033)
    .ARM.Collect$$libshutdown$$00000000      0x08000204   Section        2  libshutdown.o(.ARM.Collect$$libshutdown$$00000000)
    .ARM.Collect$$libshutdown$$00000003      0x08000206   Section        0  libshutdown2.o(.ARM.Collect$$libshutdown$$00000003)
    .ARM.Collect$$libshutdown$$00000006      0x08000206   Section        0  libshutdown2.o(.ARM.Collect$$libshutdown$$00000006)
    .ARM.Collect$$libshutdown$$00000009      0x08000206   Section        0  libshutdown2.o(.ARM.Collect$$libshutdown$$00000009)
    .ARM.Collect$$libshutdown$$0000000B      0x08000206   Section        0  libshutdown2.o(.ARM.Collect$$libshutdown$$0000000B)
    .ARM.Collect$$libshutdown$$0000000E      0x08000206   Section        0  libshutdown2.o(.ARM.Collect$$libshutdown$$0000000E)
    .ARM.Collect$$libshutdown$$0000000F      0x08000206   Section        2  libshutdown2.o(.ARM.Collect$$libshutdown$$0000000F)
    .ARM.Collect$$rtentry$$00000000          0x08000208   Section        0  __rtentry.o(.ARM.Collect$$rtentry$$00000000)
    .ARM.Collect$$rtentry$$00000002          0x08000208   Section        0  __rtentry2.o(.ARM.Collect$$rtentry$$00000002)
    .ARM.Collect$$rtentry$$00000004          0x08000208   Section        6  __rtentry4.o(.ARM.Collect$$rtentry$$00000004)
    .ARM.Collect$$rtentry$$00000009          0x0800020e   Section        0  __rtentry2.o(.ARM.Collect$$rtentry$$00000009)
    .ARM.Collect$$rtentry$$0000000A          0x0800020e   Section        4  __rtentry2.o(.ARM.Collect$$rtentry$$0000000A)
    .ARM.Collect$$rtentry$$0000000C          0x08000212   Section        0  __rtentry2.o(.ARM.Collect$$rtentry$$0000000C)
    .ARM.Collect$$rtentry$$0000000D          0x08000212   Section        8  __rtentry2.o(.ARM.Collect$$rtentry$$0000000D)
    .ARM.Collect$$rtexit$$00000000           0x0800021a   Section        2  rtexit.o(.ARM.Collect$$rtexit$$00000000)
    .ARM.Collect$$rtexit$$00000002           0x0800021c   Section        0  rtexit2.o(.ARM.Collect$$rtexit$$00000002)
    .ARM.Collect$$rtexit$$00000003           0x0800021c   Section        4  rtexit2.o(.ARM.Collect$$rtexit$$00000003)
    .ARM.Collect$$rtexit$$00000004           0x08000220   Section        6  rtexit2.o(.ARM.Collect$$rtexit$$00000004)
    .text                                    0x08000228   Section       72  startup_stm32f40xx.o(.text)
    $v0                                      0x08000228   Number         0  startup_stm32f40xx.o(.text)
    .text                                    0x08000270   Section        0  heapauxi.o(.text)
    .text                                    0x08000276   Section       74  sys_stackheap_outer.o(.text)
    .text                                    0x080002c0   Section        0  exit.o(.text)
    .text                                    0x080002cc   Section        8  libspace.o(.text)
    .text                                    0x080002d4   Section        0  sys_exit.o(.text)
    .text                                    0x080002e0   Section        2  use_no_semi.o(.text)
    .text                                    0x080002e2   Section        0  indicate_semi.o(.text)
    i.ADC_IRQHandler                         0x080002e2   Section        0  gec_int.o(i.ADC_IRQHandler)
    i.Add_Timer                              0x080002ec   Section        0  gec_time.o(i.Add_Timer)
    Add_Timer                                0x080002ed   Thumb Code   120  gec_time.o(i.Add_Timer)
    i.CAN1_RX0_IRQHandler                    0x08000370   Section        0  gec_int.o(i.CAN1_RX0_IRQHandler)
    i.CAN1_RX1_IRQHandler                    0x0800037a   Section        0  gec_int.o(i.CAN1_RX1_IRQHandler)
    i.CAN1_SCE_IRQHandler                    0x08000384   Section        0  gec_int.o(i.CAN1_SCE_IRQHandler)
    i.CAN1_TX_IRQHandler                     0x0800038e   Section        0  gec_int.o(i.CAN1_TX_IRQHandler)
    i.CAN2_RX0_IRQHandler                    0x08000398   Section        0  gec_int.o(i.CAN2_RX0_IRQHandler)
    i.CAN2_RX1_IRQHandler                    0x080003a2   Section        0  gec_int.o(i.CAN2_RX1_IRQHandler)
    i.CAN2_SCE_IRQHandler                    0x080003ac   Section        0  gec_int.o(i.CAN2_SCE_IRQHandler)
    i.CAN2_TX_IRQHandler                     0x080003b6   Section        0  gec_int.o(i.CAN2_TX_IRQHandler)
    i.CRYP_IRQHandler                        0x080003c0   Section        0  gec_int.o(i.CRYP_IRQHandler)
    i.DCMI_IRQHandler                        0x080003ca   Section        0  gec_int.o(i.DCMI_IRQHandler)
    i.DMA1_Stream0_IRQHandler                0x080003d4   Section        0  gec_int.o(i.DMA1_Stream0_IRQHandler)
    i.DMA1_Stream1_IRQHandler                0x080003de   Section        0  gec_int.o(i.DMA1_Stream1_IRQHandler)
    i.DMA1_Stream2_IRQHandler                0x080003e8   Section        0  gec_int.o(i.DMA1_Stream2_IRQHandler)
    i.DMA1_Stream3_IRQHandler                0x080003f2   Section        0  gec_int.o(i.DMA1_Stream3_IRQHandler)
    i.DMA1_Stream4_IRQHandler                0x080003fc   Section        0  gec_int.o(i.DMA1_Stream4_IRQHandler)
    i.DMA1_Stream5_IRQHandler                0x08000406   Section        0  gec_int.o(i.DMA1_Stream5_IRQHandler)
    i.DMA1_Stream6_IRQHandler                0x08000410   Section        0  gec_int.o(i.DMA1_Stream6_IRQHandler)
    i.DMA1_Stream7_IRQHandler                0x0800041a   Section        0  gec_int.o(i.DMA1_Stream7_IRQHandler)
    i.DMA2_Stream0_IRQHandler                0x08000424   Section        0  gec_int.o(i.DMA2_Stream0_IRQHandler)
    i.DMA2_Stream1_IRQHandler                0x0800042e   Section        0  gec_int.o(i.DMA2_Stream1_IRQHandler)
    i.DMA2_Stream2_IRQHandler                0x08000438   Section        0  gec_int.o(i.DMA2_Stream2_IRQHandler)
    i.DMA2_Stream3_IRQHandler                0x08000442   Section        0  gec_int.o(i.DMA2_Stream3_IRQHandler)
    i.DMA2_Stream4_IRQHandler                0x0800044c   Section        0  gec_int.o(i.DMA2_Stream4_IRQHandler)
    i.DMA2_Stream5_IRQHandler                0x08000456   Section        0  gec_int.o(i.DMA2_Stream5_IRQHandler)
    i.DMA2_Stream6_IRQHandler                0x08000460   Section        0  gec_int.o(i.DMA2_Stream6_IRQHandler)
    i.DMA2_Stream7_IRQHandler                0x0800046a   Section        0  gec_int.o(i.DMA2_Stream7_IRQHandler)
    i.Del_Timeout_Timer                      0x08000474   Section        0  gec_time.o(i.Del_Timeout_Timer)
    Del_Timeout_Timer                        0x08000475   Thumb Code   108  gec_time.o(i.Del_Timeout_Timer)
    i.ETH_IRQHandler                         0x080004ec   Section        0  gec_int.o(i.ETH_IRQHandler)
    i.ETH_WKUP_IRQHandler                    0x080004f6   Section        0  gec_int.o(i.ETH_WKUP_IRQHandler)
    i.EXTI0_IRQHandler                       0x08000500   Section        0  gec_int.o(i.EXTI0_IRQHandler)
    i.EXTI15_10_IRQHandler                   0x0800050a   Section        0  gec_int.o(i.EXTI15_10_IRQHandler)
    i.EXTI1_IRQHandler                       0x08000514   Section        0  gec_int.o(i.EXTI1_IRQHandler)
    i.EXTI2_IRQHandler                       0x0800051e   Section        0  gec_int.o(i.EXTI2_IRQHandler)
    i.EXTI3_IRQHandler                       0x08000528   Section        0  gec_int.o(i.EXTI3_IRQHandler)
    i.EXTI4_IRQHandler                       0x08000532   Section        0  gec_int.o(i.EXTI4_IRQHandler)
    i.EXTI9_5_IRQHandler                     0x0800053c   Section        0  gec_int.o(i.EXTI9_5_IRQHandler)
    i.EXTI_Init                              0x08000548   Section        0  stm32f4xx_exti.o(i.EXTI_Init)
    i.FLASH_IRQHandler                       0x080005dc   Section        0  gec_int.o(i.FLASH_IRQHandler)
    i.FPU_IRQHandler                         0x080005e6   Section        0  gec_int.o(i.FPU_IRQHandler)
    i.FSMC_IRQHandler                        0x080005f0   Section        0  gec_int.o(i.FSMC_IRQHandler)
    i.GPIO_Init                              0x080005fa   Section        0  stm32f4xx_gpio.o(i.GPIO_Init)
    i.GPIO_PinAFConfig                       0x0800068a   Section        0  stm32f4xx_gpio.o(i.GPIO_PinAFConfig)
    i.GPIO_ReadInputDataBit                  0x080006d0   Section        0  stm32f4xx_gpio.o(i.GPIO_ReadInputDataBit)
    i.GPIO_WriteBit                          0x080006e2   Section        0  stm32f4xx_gpio.o(i.GPIO_WriteBit)
    i.Gec_GPIO_Get_Value                     0x080006ec   Section        0  gec_gpio.o(i.Gec_GPIO_Get_Value)
    i.Gec_GPIO_Init                          0x080006fc   Section        0  gec_gpio.o(i.Gec_GPIO_Init)
    i.Gec_GPIO_Set_Value                     0x080007a2   Section        0  gec_gpio.o(i.Gec_GPIO_Set_Value)
    i.Gec_IntHandler                         0x080007c0   Section        0  gec_int.o(i.Gec_IntHandler)
    i.Gec_IntHandler_Dummy                   0x080007e0   Section        0  gec_int.o(i.Gec_IntHandler_Dummy)
    Gec_IntHandler_Dummy                     0x080007e1   Thumb Code     2  gec_int.o(i.Gec_IntHandler_Dummy)
    i.Gec_Int_Disable                        0x080007e4   Section        0  gec_int.o(i.Gec_Int_Disable)
    i.Gec_Int_Enable                         0x08000804   Section        0  gec_int.o(i.Gec_Int_Enable)
    i.Gec_Int_Init                           0x08000820   Section        0  gec_int.o(i.Gec_Int_Init)
    i.Gec_Int_Register                       0x08000880   Section        0  gec_int.o(i.Gec_Int_Register)
    i.Gec_Lib_Init                           0x08000890   Section        0  gec_init.o(i.Gec_Lib_Init)
    i.Gec_Timer_Init                         0x0800089c   Section        0  gec_time.o(i.Gec_Timer_Init)
    i.Gec_UART_Init                          0x080008cc   Section        0  gec_uart.o(i.Gec_UART_Init)
    i.Gec_UART_Write                         0x08000a48   Section        0  gec_uart.o(i.Gec_UART_Write)
    i.HASH_RNG_IRQHandler                    0x08000a90   Section        0  gec_int.o(i.HASH_RNG_IRQHandler)
    i.Hardware_Timer_IRQHandler              0x08000a9c   Section        0  gec_time.o(i.Hardware_Timer_IRQHandler)
    i.Hardware_Timer_Init                    0x08000b1c   Section        0  gec_time.o(i.Hardware_Timer_Init)
    i.I2C1_ER_IRQHandler                     0x08000b70   Section        0  gec_int.o(i.I2C1_ER_IRQHandler)
    i.I2C1_EV_IRQHandler                     0x08000b7a   Section        0  gec_int.o(i.I2C1_EV_IRQHandler)
    i.I2C2_ER_IRQHandler                     0x08000b84   Section        0  gec_int.o(i.I2C2_ER_IRQHandler)
    i.I2C2_EV_IRQHandler                     0x08000b8e   Section        0  gec_int.o(i.I2C2_EV_IRQHandler)
    i.I2C3_ER_IRQHandler                     0x08000b98   Section        0  gec_int.o(i.I2C3_ER_IRQHandler)
    i.I2C3_EV_IRQHandler                     0x08000ba2   Section        0  gec_int.o(i.I2C3_EV_IRQHandler)
    i.NVIC_PriorityGroupConfig               0x08000bac   Section        0  misc.o(i.NVIC_PriorityGroupConfig)
    i.NVIC_SetPriority                       0x08000bc0   Section        0  gec_time.o(i.NVIC_SetPriority)
    NVIC_SetPriority                         0x08000bc1   Thumb Code    32  gec_time.o(i.NVIC_SetPriority)
    i.OTG_FS_IRQHandler                      0x08000be8   Section        0  gec_int.o(i.OTG_FS_IRQHandler)
    i.OTG_FS_WKUP_IRQHandler                 0x08000bf2   Section        0  gec_int.o(i.OTG_FS_WKUP_IRQHandler)
    i.OTG_HS_EP1_IN_IRQHandler               0x08000bfc   Section        0  gec_int.o(i.OTG_HS_EP1_IN_IRQHandler)
    i.OTG_HS_EP1_OUT_IRQHandler              0x08000c06   Section        0  gec_int.o(i.OTG_HS_EP1_OUT_IRQHandler)
    i.OTG_HS_IRQHandler                      0x08000c10   Section        0  gec_int.o(i.OTG_HS_IRQHandler)
    i.OTG_HS_WKUP_IRQHandler                 0x08000c1a   Section        0  gec_int.o(i.OTG_HS_WKUP_IRQHandler)
    i.PVD_IRQHandler                         0x08000c24   Section        0  gec_int.o(i.PVD_IRQHandler)
    i.RCC_AHB1PeriphClockCmd                 0x08000c30   Section        0  stm32f4xx_rcc.o(i.RCC_AHB1PeriphClockCmd)
    i.RCC_APB1PeriphClockCmd                 0x08000c50   Section        0  stm32f4xx_rcc.o(i.RCC_APB1PeriphClockCmd)
    i.RCC_APB2PeriphClockCmd                 0x08000c70   Section        0  stm32f4xx_rcc.o(i.RCC_APB2PeriphClockCmd)
    i.RCC_GetClocksFreq                      0x08000c90   Section        0  stm32f4xx_rcc.o(i.RCC_GetClocksFreq)
    i.RCC_IRQHandler                         0x08000d78   Section        0  gec_int.o(i.RCC_IRQHandler)
    i.RTC_Alarm_IRQHandler                   0x08000d82   Section        0  gec_int.o(i.RTC_Alarm_IRQHandler)
    i.RTC_WKUP_IRQHandler                    0x08000d8c   Section        0  gec_int.o(i.RTC_WKUP_IRQHandler)
    i.Read_Byte                              0x08000d98   Section        0  uart.o(i.Read_Byte)
    i.SDIO_IRQHandler                        0x08000e38   Section        0  gec_int.o(i.SDIO_IRQHandler)
    i.SPI1_IRQHandler                        0x08000e42   Section        0  gec_int.o(i.SPI1_IRQHandler)
    i.SPI2_IRQHandler                        0x08000e4c   Section        0  gec_int.o(i.SPI2_IRQHandler)
    i.SPI3_IRQHandler                        0x08000e56   Section        0  gec_int.o(i.SPI3_IRQHandler)
    i.SYSCFG_EXTILineConfig                  0x08000e60   Section        0  stm32f4xx_syscfg.o(i.SYSCFG_EXTILineConfig)
    i.SetSysClock                            0x08000ea0   Section        0  system_stm32f4xx.o(i.SetSysClock)
    SetSysClock                              0x08000ea1   Thumb Code   220  system_stm32f4xx.o(i.SetSysClock)
    i.SysTick_Config                         0x08000f8c   Section        0  gec_time.o(i.SysTick_Config)
    SysTick_Config                           0x08000f8d   Thumb Code    50  gec_time.o(i.SysTick_Config)
    i.SysTick_Handler                        0x08000fc0   Section        0  gec_time.o(i.SysTick_Handler)
    i.SystemInit                             0x08000fd8   Section        0  system_stm32f4xx.o(i.SystemInit)
    i.TAMP_STAMP_IRQHandler                  0x08001040   Section        0  gec_int.o(i.TAMP_STAMP_IRQHandler)
    i.TIM1_BRK_TIM9_IRQHandler               0x0800104a   Section        0  gec_int.o(i.TIM1_BRK_TIM9_IRQHandler)
    i.TIM1_CC_IRQHandler                     0x08001054   Section        0  gec_int.o(i.TIM1_CC_IRQHandler)
    i.TIM1_TRG_COM_TIM11_IRQHandler          0x0800105e   Section        0  gec_int.o(i.TIM1_TRG_COM_TIM11_IRQHandler)
    i.TIM1_UP_TIM10_IRQHandler               0x08001068   Section        0  gec_int.o(i.TIM1_UP_TIM10_IRQHandler)
    i.TIM2_IRQHandler                        0x08001072   Section        0  gec_int.o(i.TIM2_IRQHandler)
    i.TIM3_IRQHandler                        0x0800107c   Section        0  gec_int.o(i.TIM3_IRQHandler)
    i.TIM4_IRQHandler                        0x08001086   Section        0  gec_int.o(i.TIM4_IRQHandler)
    i.TIM5_IRQHandler                        0x08001090   Section        0  gec_int.o(i.TIM5_IRQHandler)
    i.TIM6_DAC_IRQHandler                    0x0800109a   Section        0  gec_int.o(i.TIM6_DAC_IRQHandler)
    i.TIM7_IRQHandler                        0x080010a4   Section        0  gec_int.o(i.TIM7_IRQHandler)
    i.TIM8_BRK_TIM12_IRQHandler              0x080010ae   Section        0  gec_int.o(i.TIM8_BRK_TIM12_IRQHandler)
    i.TIM8_CC_IRQHandler                     0x080010b8   Section        0  gec_int.o(i.TIM8_CC_IRQHandler)
    i.TIM8_TRG_COM_TIM14_IRQHandler          0x080010c2   Section        0  gec_int.o(i.TIM8_TRG_COM_TIM14_IRQHandler)
    i.TIM8_UP_TIM13_IRQHandler               0x080010cc   Section        0  gec_int.o(i.TIM8_UP_TIM13_IRQHandler)
    i.TIM_ARRPreloadConfig                   0x080010d6   Section        0  stm32f4xx_tim.o(i.TIM_ARRPreloadConfig)
    i.TIM_ClearITPendingBit                  0x080010ee   Section        0  stm32f4xx_tim.o(i.TIM_ClearITPendingBit)
    i.TIM_Cmd                                0x080010f4   Section        0  stm32f4xx_tim.o(i.TIM_Cmd)
    i.TIM_GetITStatus                        0x0800110c   Section        0  stm32f4xx_tim.o(i.TIM_GetITStatus)
    i.TIM_ITConfig                           0x0800112e   Section        0  stm32f4xx_tim.o(i.TIM_ITConfig)
    i.TIM_TimeBaseInit                       0x08001140   Section        0  stm32f4xx_tim.o(i.TIM_TimeBaseInit)
    i.UART4_IRQHandler                       0x080011c4   Section        0  gec_int.o(i.UART4_IRQHandler)
    i.UART5_IRQHandler                       0x080011ce   Section        0  gec_int.o(i.UART5_IRQHandler)
    i.USART1_IRQHandler                      0x080011d8   Section        0  gec_int.o(i.USART1_IRQHandler)
    i.USART2_IRQHandler                      0x080011e2   Section        0  gec_int.o(i.USART2_IRQHandler)
    i.USART3_IRQHandler                      0x080011ec   Section        0  gec_int.o(i.USART3_IRQHandler)
    i.USART6_IRQHandler                      0x080011f6   Section        0  gec_int.o(i.USART6_IRQHandler)
    i.USART_Cmd                              0x08001200   Section        0  stm32f4xx_usart.o(i.USART_Cmd)
    i.USART_GetFlagStatus                    0x08001218   Section        0  stm32f4xx_usart.o(i.USART_GetFlagStatus)
    i.USART_ITConfig                         0x08001232   Section        0  stm32f4xx_usart.o(i.USART_ITConfig)
    i.USART_Init                             0x0800127c   Section        0  stm32f4xx_usart.o(i.USART_Init)
    i.USART_SendData                         0x08001350   Section        0  stm32f4xx_usart.o(i.USART_SendData)
    i.WWDG_IRQHandler                        0x08001358   Section        0  gec_int.o(i.WWDG_IRQHandler)
    i.data_init                              0x08001364   Section        0  uart.o(i.data_init)
    i.del_data                               0x08001388   Section        0  uart.o(i.del_data)
    i.get_data                               0x08001414   Section        0  uart.o(i.get_data)
    i.get_exti_trigger                       0x08001424   Section        0  gec_gpio.o(i.get_exti_trigger)
    get_exti_trigger                         0x08001425   Thumb Code    34  gec_gpio.o(i.get_exti_trigger)
    i.get_gpio_clock_group                   0x08001448   Section        0  gec_gpio.o(i.get_gpio_clock_group)
    get_gpio_clock_group                     0x08001449   Thumb Code   114  gec_gpio.o(i.get_gpio_clock_group)
    i.get_gpio_exti_pin                      0x080014e8   Section        0  gec_gpio.o(i.get_gpio_exti_pin)
    get_gpio_exti_pin                        0x080014e9   Thumb Code   168  gec_gpio.o(i.get_gpio_exti_pin)
    i.get_gpio_exti_port                     0x08001590   Section        0  gec_gpio.o(i.get_gpio_exti_port)
    get_gpio_exti_port                       0x08001591   Thumb Code   112  gec_gpio.o(i.get_gpio_exti_port)
    i.get_stm32gpioPuPd                      0x0800162c   Section        0  gec_gpio.o(i.get_stm32gpioPuPd)
    get_stm32gpioPuPd                        0x0800162d   Thumb Code    24  gec_gpio.o(i.get_stm32gpioPuPd)
    i.get_stm32gpiomode                      0x08001644   Section        0  gec_gpio.o(i.get_stm32gpiomode)
    get_stm32gpiomode                        0x08001645   Thumb Code    70  gec_gpio.o(i.get_stm32gpiomode)
    i.main                                   0x0800168c   Section        0  main.o(i.main)
    i.mdelay                                 0x080016dc   Section        0  gec_time.o(i.mdelay)
    i.read_dht11                             0x08001724   Section        0  uart.o(i.read_dht11)
    i.set_DATA                               0x0800187c   Section        0  uart.o(i.set_DATA)
    i.set_data                               0x080018cc   Section        0  uart.o(i.set_data)
    i.set_warning                            0x080018e0   Section        0  uart.o(i.set_warning)
    i.uart1_init                             0x0800194c   Section        0  uart.o(i.uart1_init)
    i.udelay                                 0x0800196c   Section        0  gec_time.o(i.udelay)
    x$fpl$fpinit                             0x080019b4   Section       10  fpinit.o(x$fpl$fpinit)
    $v0                                      0x080019b4   Number         0  fpinit.o(x$fpl$fpinit)
    .data                                    0x20000000   Section       16  stm32f4xx_rcc.o(.data)
    APBAHBPrescTable                         0x20000000   Data          16  stm32f4xx_rcc.o(.data)
    .data                                    0x20000010   Section       12  gec_time.o(.data)
    cur_tid                                  0x20000010   Data           4  gec_time.o(.data)
    cnt                                      0x20000014   Data           4  gec_time.o(.data)
    cpu_freq_hz                              0x20000018   Data           4  gec_time.o(.data)
    .data                                    0x2000001c   Section       20  system_stm32f4xx.o(.data)
    .data                                    0x20000030   Section       27  uart.o(.data)
    .bss                                     0x2000004c   Section      364  gec_int.o(.bss)
    .bss                                     0x200001b8   Section      484  gec_time.o(.bss)
    gec_timers                               0x200001b8   Data         400  gec_time.o(.bss)
    gec_tlist                                0x20000348   Data          84  gec_time.o(.bss)
    .bss                                     0x2000039c   Section       96  libspace.o(.bss)
    HEAP                                     0x20000400   Section      512  startup_stm32f40xx.o(HEAP)
    Heap_Mem                                 0x20000400   Data         512  startup_stm32f40xx.o(HEAP)
    STACK                                    0x20000600   Section     1024  startup_stm32f40xx.o(STACK)
    Stack_Mem                                0x20000600   Data        1024  startup_stm32f40xx.o(STACK)
    __initial_sp                             0x20000a00   Data           0  startup_stm32f40xx.o(STACK)

    Global Symbols

    Symbol Name                              Value     Ov Type        Size  Object(Section)

    BuildAttributes$$THM_ISAv4$E$P$D$K$B$S$7EM$VFPi3$EXTD16$VFPS$VFMA$PE$A:L22UL41UL21$X:L11$S22US41US21$IEEE1$IW$USESV6$~STKCKD$USESV7$~SHL$OSPACE$ROPI$EBA8$UX$STANDARDLIB$REQ8$PRES8$EABIv2 0x00000000   Number         0  anon$$obj.o ABSOLUTE
    __ARM_use_no_argv                        0x00000000   Number         0  main.o ABSOLUTE
    __ARM_exceptions_init                     - Undefined Weak Reference
    __alloca_initialize                       - Undefined Weak Reference
    __arm_preinit_                            - Undefined Weak Reference
    __cpp_initialize__aeabi_                  - Undefined Weak Reference
    __cxa_finalize                            - Undefined Weak Reference
    __rt_locale                               - Undefined Weak Reference
    __sigvec_lookup                           - Undefined Weak Reference
    _atexit_init                              - Undefined Weak Reference
    _call_atexit_fns                          - Undefined Weak Reference
    _clock_init                               - Undefined Weak Reference
    _fp_trap_init                             - Undefined Weak Reference
    _fp_trap_shutdown                         - Undefined Weak Reference
    _get_lc_collate                           - Undefined Weak Reference
    _get_lc_ctype                             - Undefined Weak Reference
    _get_lc_monetary                          - Undefined Weak Reference
    _get_lc_numeric                           - Undefined Weak Reference
    _get_lc_time                              - Undefined Weak Reference
    _getenv_init                              - Undefined Weak Reference
    _handle_redirection                       - Undefined Weak Reference
    _init_alloc                               - Undefined Weak Reference
    _init_user_alloc                          - Undefined Weak Reference
    _initio                                   - Undefined Weak Reference
    _rand_init                                - Undefined Weak Reference
    _signal_finish                            - Undefined Weak Reference
    _signal_init                              - Undefined Weak Reference
    _terminate_alloc                          - Undefined Weak Reference
    _terminate_user_alloc                     - Undefined Weak Reference
    _terminateio                              - Undefined Weak Reference
    __Vectors_Size                           0x00000188   Number         0  startup_stm32f40xx.o ABSOLUTE
    __Vectors                                0x08000000   Data           4  startup_stm32f40xx.o(RESET)
    __Vectors_End                            0x08000188   Data           0  startup_stm32f40xx.o(RESET)
    __main                                   0x08000189   Thumb Code     8  __main.o(!!!main)
    __scatterload                            0x08000191   Thumb Code     0  __scatter.o(!!!scatter)
    __scatterload_rt2                        0x08000191   Thumb Code    44  __scatter.o(!!!scatter)
    __scatterload_rt2_thumb_only             0x08000191   Thumb Code     0  __scatter.o(!!!scatter)
    __scatterload_null                       0x0800019f   Thumb Code     0  __scatter.o(!!!scatter)
    __scatterload_copy                       0x080001c5   Thumb Code    26  __scatter_copy.o(!!handler_copy)
    __scatterload_zeroinit                   0x080001e1   Thumb Code    28  __scatter_zi.o(!!handler_zi)
    __rt_lib_init                            0x080001fd   Thumb Code     0  libinit.o(.ARM.Collect$$libinit$$00000000)
    __rt_lib_init_fp_1                       0x080001ff   Thumb Code     0  libinit2.o(.ARM.Collect$$libinit$$00000001)
    __rt_lib_init_alloca_1                   0x08000203   Thumb Code     0  libinit2.o(.ARM.Collect$$libinit$$0000002E)
    __rt_lib_init_argv_1                     0x08000203   Thumb Code     0  libinit2.o(.ARM.Collect$$libinit$$0000002C)
    __rt_lib_init_atexit_1                   0x08000203   Thumb Code     0  libinit2.o(.ARM.Collect$$libinit$$0000001B)
    __rt_lib_init_clock_1                    0x08000203   Thumb Code     0  libinit2.o(.ARM.Collect$$libinit$$00000021)
    __rt_lib_init_cpp_1                      0x08000203   Thumb Code     0  libinit2.o(.ARM.Collect$$libinit$$00000032)
    __rt_lib_init_exceptions_1               0x08000203   Thumb Code     0  libinit2.o(.ARM.Collect$$libinit$$00000030)
    __rt_lib_init_fp_trap_1                  0x08000203   Thumb Code     0  libinit2.o(.ARM.Collect$$libinit$$0000001F)
    __rt_lib_init_getenv_1                   0x08000203   Thumb Code     0  libinit2.o(.ARM.Collect$$libinit$$00000023)
    __rt_lib_init_heap_1                     0x08000203   Thumb Code     0  libinit2.o(.ARM.Collect$$libinit$$0000000A)
    __rt_lib_init_lc_collate_1               0x08000203   Thumb Code     0  libinit2.o(.ARM.Collect$$libinit$$00000011)
    __rt_lib_init_lc_ctype_1                 0x08000203   Thumb Code     0  libinit2.o(.ARM.Collect$$libinit$$00000013)
    __rt_lib_init_lc_monetary_1              0x08000203   Thumb Code     0  libinit2.o(.ARM.Collect$$libinit$$00000015)
    __rt_lib_init_lc_numeric_1               0x08000203   Thumb Code     0  libinit2.o(.ARM.Collect$$libinit$$00000017)
    __rt_lib_init_lc_time_1                  0x08000203   Thumb Code     0  libinit2.o(.ARM.Collect$$libinit$$00000019)
    __rt_lib_init_preinit_1                  0x08000203   Thumb Code     0  libinit2.o(.ARM.Collect$$libinit$$00000004)
    __rt_lib_init_rand_1                     0x08000203   Thumb Code     0  libinit2.o(.ARM.Collect$$libinit$$0000000E)
    __rt_lib_init_return                     0x08000203   Thumb Code     0  libinit2.o(.ARM.Collect$$libinit$$00000033)
    __rt_lib_init_signal_1                   0x08000203   Thumb Code     0  libinit2.o(.ARM.Collect$$libinit$$0000001D)
    __rt_lib_init_stdio_1                    0x08000203   Thumb Code     0  libinit2.o(.ARM.Collect$$libinit$$00000025)
    __rt_lib_init_user_alloc_1               0x08000203   Thumb Code     0  libinit2.o(.ARM.Collect$$libinit$$0000000C)
    __rt_lib_shutdown                        0x08000205   Thumb Code     0  libshutdown.o(.ARM.Collect$$libshutdown$$00000000)
    __rt_lib_shutdown_fp_trap_1              0x08000207   Thumb Code     0  libshutdown2.o(.ARM.Collect$$libshutdown$$00000006)
    __rt_lib_shutdown_heap_1                 0x08000207   Thumb Code     0  libshutdown2.o(.ARM.Collect$$libshutdown$$0000000E)
    __rt_lib_shutdown_return                 0x08000207   Thumb Code     0  libshutdown2.o(.ARM.Collect$$libshutdown$$0000000F)
    __rt_lib_shutdown_signal_1               0x08000207   Thumb Code     0  libshutdown2.o(.ARM.Collect$$libshutdown$$00000009)
    __rt_lib_shutdown_stdio_1                0x08000207   Thumb Code     0  libshutdown2.o(.ARM.Collect$$libshutdown$$00000003)
    __rt_lib_shutdown_user_alloc_1           0x08000207   Thumb Code     0  libshutdown2.o(.ARM.Collect$$libshutdown$$0000000B)
    __rt_entry                               0x08000209   Thumb Code     0  __rtentry.o(.ARM.Collect$$rtentry$$00000000)
    __rt_entry_presh_1                       0x08000209   Thumb Code     0  __rtentry2.o(.ARM.Collect$$rtentry$$00000002)
    __rt_entry_sh                            0x08000209   Thumb Code     0  __rtentry4.o(.ARM.Collect$$rtentry$$00000004)
    __rt_entry_li                            0x0800020f   Thumb Code     0  __rtentry2.o(.ARM.Collect$$rtentry$$0000000A)
    __rt_entry_postsh_1                      0x0800020f   Thumb Code     0  __rtentry2.o(.ARM.Collect$$rtentry$$00000009)
    __rt_entry_main                          0x08000213   Thumb Code     0  __rtentry2.o(.ARM.Collect$$rtentry$$0000000D)
    __rt_entry_postli_1                      0x08000213   Thumb Code     0  __rtentry2.o(.ARM.Collect$$rtentry$$0000000C)
    __rt_exit                                0x0800021b   Thumb Code     0  rtexit.o(.ARM.Collect$$rtexit$$00000000)
    __rt_exit_ls                             0x0800021d   Thumb Code     0  rtexit2.o(.ARM.Collect$$rtexit$$00000003)
    __rt_exit_prels_1                        0x0800021d   Thumb Code     0  rtexit2.o(.ARM.Collect$$rtexit$$00000002)
    __rt_exit_exit                           0x08000221   Thumb Code     0  rtexit2.o(.ARM.Collect$$rtexit$$00000004)
    Reset_Handler                            0x08000229   Thumb Code    12  startup_stm32f40xx.o(.text)
    NMI_Handler                              0x08000235   Thumb Code     2  startup_stm32f40xx.o(.text)
    HardFault_Handler                        0x08000237   Thumb Code     2  startup_stm32f40xx.o(.text)
    MemManage_Handler                        0x08000239   Thumb Code     2  startup_stm32f40xx.o(.text)
    BusFault_Handler                         0x0800023b   Thumb Code     2  startup_stm32f40xx.o(.text)
    UsageFault_Handler                       0x0800023d   Thumb Code     2  startup_stm32f40xx.o(.text)
    SVC_Handler                              0x0800023f   Thumb Code     2  startup_stm32f40xx.o(.text)
    DebugMon_Handler                         0x08000241   Thumb Code     2  startup_stm32f40xx.o(.text)
    PendSV_Handler                           0x08000243   Thumb Code     2  startup_stm32f40xx.o(.text)
    __user_initial_stackheap                 0x08000249   Thumb Code     0  startup_stm32f40xx.o(.text)
    __use_two_region_memory                  0x08000271   Thumb Code     2  heapauxi.o(.text)
    __rt_heap_escrow$2region                 0x08000273   Thumb Code     2  heapauxi.o(.text)
    __rt_heap_expand$2region                 0x08000275   Thumb Code     2  heapauxi.o(.text)
    __user_setup_stackheap                   0x08000277   Thumb Code    74  sys_stackheap_outer.o(.text)
    exit                                     0x080002c1   Thumb Code    12  exit.o(.text)
    __user_libspace                          0x080002cd   Thumb Code     8  libspace.o(.text)
    __user_perproc_libspace                  0x080002cd   Thumb Code     0  libspace.o(.text)
    __user_perthread_libspace                0x080002cd   Thumb Code     0  libspace.o(.text)
    _sys_exit                                0x080002d5   Thumb Code     8  sys_exit.o(.text)
    __I$use$semihosting                      0x080002e1   Thumb Code     0  use_no_semi.o(.text)
    __use_no_semihosting_swi                 0x080002e1   Thumb Code     2  use_no_semi.o(.text)
    ADC_IRQHandler                           0x080002e3   Thumb Code    10  gec_int.o(i.ADC_IRQHandler)
    __semihosting_library_function           0x080002e3   Thumb Code     0  indicate_semi.o(.text)
    CAN1_RX0_IRQHandler                      0x08000371   Thumb Code    10  gec_int.o(i.CAN1_RX0_IRQHandler)
    CAN1_RX1_IRQHandler                      0x0800037b   Thumb Code    10  gec_int.o(i.CAN1_RX1_IRQHandler)
    CAN1_SCE_IRQHandler                      0x08000385   Thumb Code    10  gec_int.o(i.CAN1_SCE_IRQHandler)
    CAN1_TX_IRQHandler                       0x0800038f   Thumb Code    10  gec_int.o(i.CAN1_TX_IRQHandler)
    CAN2_RX0_IRQHandler                      0x08000399   Thumb Code    10  gec_int.o(i.CAN2_RX0_IRQHandler)
    CAN2_RX1_IRQHandler                      0x080003a3   Thumb Code    10  gec_int.o(i.CAN2_RX1_IRQHandler)
    CAN2_SCE_IRQHandler                      0x080003ad   Thumb Code    10  gec_int.o(i.CAN2_SCE_IRQHandler)
    CAN2_TX_IRQHandler                       0x080003b7   Thumb Code    10  gec_int.o(i.CAN2_TX_IRQHandler)
    CRYP_IRQHandler                          0x080003c1   Thumb Code    10  gec_int.o(i.CRYP_IRQHandler)
    DCMI_IRQHandler                          0x080003cb   Thumb Code    10  gec_int.o(i.DCMI_IRQHandler)
    DMA1_Stream0_IRQHandler                  0x080003d5   Thumb Code    10  gec_int.o(i.DMA1_Stream0_IRQHandler)
    DMA1_Stream1_IRQHandler                  0x080003df   Thumb Code    10  gec_int.o(i.DMA1_Stream1_IRQHandler)
    DMA1_Stream2_IRQHandler                  0x080003e9   Thumb Code    10  gec_int.o(i.DMA1_Stream2_IRQHandler)
    DMA1_Stream3_IRQHandler                  0x080003f3   Thumb Code    10  gec_int.o(i.DMA1_Stream3_IRQHandler)
    DMA1_Stream4_IRQHandler                  0x080003fd   Thumb Code    10  gec_int.o(i.DMA1_Stream4_IRQHandler)
    DMA1_Stream5_IRQHandler                  0x08000407   Thumb Code    10  gec_int.o(i.DMA1_Stream5_IRQHandler)
    DMA1_Stream6_IRQHandler                  0x08000411   Thumb Code    10  gec_int.o(i.DMA1_Stream6_IRQHandler)
    DMA1_Stream7_IRQHandler                  0x0800041b   Thumb Code    10  gec_int.o(i.DMA1_Stream7_IRQHandler)
    DMA2_Stream0_IRQHandler                  0x08000425   Thumb Code    10  gec_int.o(i.DMA2_Stream0_IRQHandler)
    DMA2_Stream1_IRQHandler                  0x0800042f   Thumb Code    10  gec_int.o(i.DMA2_Stream1_IRQHandler)
    DMA2_Stream2_IRQHandler                  0x08000439   Thumb Code    10  gec_int.o(i.DMA2_Stream2_IRQHandler)
    DMA2_Stream3_IRQHandler                  0x08000443   Thumb Code    10  gec_int.o(i.DMA2_Stream3_IRQHandler)
    DMA2_Stream4_IRQHandler                  0x0800044d   Thumb Code    10  gec_int.o(i.DMA2_Stream4_IRQHandler)
    DMA2_Stream5_IRQHandler                  0x08000457   Thumb Code    10  gec_int.o(i.DMA2_Stream5_IRQHandler)
    DMA2_Stream6_IRQHandler                  0x08000461   Thumb Code    10  gec_int.o(i.DMA2_Stream6_IRQHandler)
    DMA2_Stream7_IRQHandler                  0x0800046b   Thumb Code    10  gec_int.o(i.DMA2_Stream7_IRQHandler)
    ETH_IRQHandler                           0x080004ed   Thumb Code    10  gec_int.o(i.ETH_IRQHandler)
    ETH_WKUP_IRQHandler                      0x080004f7   Thumb Code    10  gec_int.o(i.ETH_WKUP_IRQHandler)
    EXTI0_IRQHandler                         0x08000501   Thumb Code    10  gec_int.o(i.EXTI0_IRQHandler)
    EXTI15_10_IRQHandler                     0x0800050b   Thumb Code    10  gec_int.o(i.EXTI15_10_IRQHandler)
    EXTI1_IRQHandler                         0x08000515   Thumb Code    10  gec_int.o(i.EXTI1_IRQHandler)
    EXTI2_IRQHandler                         0x0800051f   Thumb Code    10  gec_int.o(i.EXTI2_IRQHandler)
    EXTI3_IRQHandler                         0x08000529   Thumb Code    10  gec_int.o(i.EXTI3_IRQHandler)
    EXTI4_IRQHandler                         0x08000533   Thumb Code    10  gec_int.o(i.EXTI4_IRQHandler)
    EXTI9_5_IRQHandler                       0x0800053d   Thumb Code    10  gec_int.o(i.EXTI9_5_IRQHandler)
    EXTI_Init                                0x08000549   Thumb Code   142  stm32f4xx_exti.o(i.EXTI_Init)
    FLASH_IRQHandler                         0x080005dd   Thumb Code    10  gec_int.o(i.FLASH_IRQHandler)
    FPU_IRQHandler                           0x080005e7   Thumb Code    10  gec_int.o(i.FPU_IRQHandler)
    FSMC_IRQHandler                          0x080005f1   Thumb Code    10  gec_int.o(i.FSMC_IRQHandler)
    GPIO_Init                                0x080005fb   Thumb Code   144  stm32f4xx_gpio.o(i.GPIO_Init)
    GPIO_PinAFConfig                         0x0800068b   Thumb Code    70  stm32f4xx_gpio.o(i.GPIO_PinAFConfig)
    GPIO_ReadInputDataBit                    0x080006d1   Thumb Code    18  stm32f4xx_gpio.o(i.GPIO_ReadInputDataBit)
    GPIO_WriteBit                            0x080006e3   Thumb Code    10  stm32f4xx_gpio.o(i.GPIO_WriteBit)
    Gec_GPIO_Get_Value                       0x080006ed   Thumb Code    16  gec_gpio.o(i.Gec_GPIO_Get_Value)
    Gec_GPIO_Init                            0x080006fd   Thumb Code   166  gec_gpio.o(i.Gec_GPIO_Init)
    Gec_GPIO_Set_Value                       0x080007a3   Thumb Code    28  gec_gpio.o(i.Gec_GPIO_Set_Value)
    Gec_IntHandler                           0x080007c1   Thumb Code    24  gec_int.o(i.Gec_IntHandler)
    Gec_Int_Disable                          0x080007e5   Thumb Code    26  gec_int.o(i.Gec_Int_Disable)
    Gec_Int_Enable                           0x08000805   Thumb Code    28  gec_int.o(i.Gec_Int_Enable)
    Gec_Int_Init                             0x08000821   Thumb Code    82  gec_int.o(i.Gec_Int_Init)
    Gec_Int_Register                         0x08000881   Thumb Code    12  gec_int.o(i.Gec_Int_Register)
    Gec_Lib_Init                             0x08000891   Thumb Code    12  gec_init.o(i.Gec_Lib_Init)
    Gec_Timer_Init                           0x0800089d   Thumb Code    40  gec_time.o(i.Gec_Timer_Init)
    Gec_UART_Init                            0x080008cd   Thumb Code   360  gec_uart.o(i.Gec_UART_Init)
    Gec_UART_Write                           0x08000a49   Thumb Code    72  gec_uart.o(i.Gec_UART_Write)
    HASH_RNG_IRQHandler                      0x08000a91   Thumb Code    10  gec_int.o(i.HASH_RNG_IRQHandler)
    Hardware_Timer_IRQHandler                0x08000a9d   Thumb Code   114  gec_time.o(i.Hardware_Timer_IRQHandler)
    Hardware_Timer_Init                      0x08000b1d   Thumb Code    76  gec_time.o(i.Hardware_Timer_Init)
    I2C1_ER_IRQHandler                       0x08000b71   Thumb Code    10  gec_int.o(i.I2C1_ER_IRQHandler)
    I2C1_EV_IRQHandler                       0x08000b7b   Thumb Code    10  gec_int.o(i.I2C1_EV_IRQHandler)
    I2C2_ER_IRQHandler                       0x08000b85   Thumb Code    10  gec_int.o(i.I2C2_ER_IRQHandler)
    I2C2_EV_IRQHandler                       0x08000b8f   Thumb Code    10  gec_int.o(i.I2C2_EV_IRQHandler)
    I2C3_ER_IRQHandler                       0x08000b99   Thumb Code    10  gec_int.o(i.I2C3_ER_IRQHandler)
    I2C3_EV_IRQHandler                       0x08000ba3   Thumb Code    10  gec_int.o(i.I2C3_EV_IRQHandler)
    NVIC_PriorityGroupConfig                 0x08000bad   Thumb Code    10  misc.o(i.NVIC_PriorityGroupConfig)
    OTG_FS_IRQHandler                        0x08000be9   Thumb Code    10  gec_int.o(i.OTG_FS_IRQHandler)
    OTG_FS_WKUP_IRQHandler                   0x08000bf3   Thumb Code    10  gec_int.o(i.OTG_FS_WKUP_IRQHandler)
    OTG_HS_EP1_IN_IRQHandler                 0x08000bfd   Thumb Code    10  gec_int.o(i.OTG_HS_EP1_IN_IRQHandler)
    OTG_HS_EP1_OUT_IRQHandler                0x08000c07   Thumb Code    10  gec_int.o(i.OTG_HS_EP1_OUT_IRQHandler)
    OTG_HS_IRQHandler                        0x08000c11   Thumb Code    10  gec_int.o(i.OTG_HS_IRQHandler)
    OTG_HS_WKUP_IRQHandler                   0x08000c1b   Thumb Code    10  gec_int.o(i.OTG_HS_WKUP_IRQHandler)
    PVD_IRQHandler                           0x08000c25   Thumb Code    10  gec_int.o(i.PVD_IRQHandler)
    RCC_AHB1PeriphClockCmd                   0x08000c31   Thumb Code    26  stm32f4xx_rcc.o(i.RCC_AHB1PeriphClockCmd)
    RCC_APB1PeriphClockCmd                   0x08000c51   Thumb Code    26  stm32f4xx_rcc.o(i.RCC_APB1PeriphClockCmd)
    RCC_APB2PeriphClockCmd                   0x08000c71   Thumb Code    26  stm32f4xx_rcc.o(i.RCC_APB2PeriphClockCmd)
    RCC_GetClocksFreq                        0x08000c91   Thumb Code   214  stm32f4xx_rcc.o(i.RCC_GetClocksFreq)
    RCC_IRQHandler                           0x08000d79   Thumb Code    10  gec_int.o(i.RCC_IRQHandler)
    RTC_Alarm_IRQHandler                     0x08000d83   Thumb Code    10  gec_int.o(i.RTC_Alarm_IRQHandler)
    RTC_WKUP_IRQHandler                      0x08000d8d   Thumb Code    10  gec_int.o(i.RTC_WKUP_IRQHandler)
    Read_Byte                                0x08000d99   Thumb Code   146  uart.o(i.Read_Byte)
    SDIO_IRQHandler                          0x08000e39   Thumb Code    10  gec_int.o(i.SDIO_IRQHandler)
    SPI1_IRQHandler                          0x08000e43   Thumb Code    10  gec_int.o(i.SPI1_IRQHandler)
    SPI2_IRQHandler                          0x08000e4d   Thumb Code    10  gec_int.o(i.SPI2_IRQHandler)
    SPI3_IRQHandler                          0x08000e57   Thumb Code    10  gec_int.o(i.SPI3_IRQHandler)
    SYSCFG_EXTILineConfig                    0x08000e61   Thumb Code    60  stm32f4xx_syscfg.o(i.SYSCFG_EXTILineConfig)
    SysTick_Handler                          0x08000fc1   Thumb Code    18  gec_time.o(i.SysTick_Handler)
    SystemInit                               0x08000fd9   Thumb Code    88  system_stm32f4xx.o(i.SystemInit)
    TAMP_STAMP_IRQHandler                    0x08001041   Thumb Code    10  gec_int.o(i.TAMP_STAMP_IRQHandler)
    TIM1_BRK_TIM9_IRQHandler                 0x0800104b   Thumb Code    10  gec_int.o(i.TIM1_BRK_TIM9_IRQHandler)
    TIM1_CC_IRQHandler                       0x08001055   Thumb Code    10  gec_int.o(i.TIM1_CC_IRQHandler)
    TIM1_TRG_COM_TIM11_IRQHandler            0x0800105f   Thumb Code    10  gec_int.o(i.TIM1_TRG_COM_TIM11_IRQHandler)
    TIM1_UP_TIM10_IRQHandler                 0x08001069   Thumb Code    10  gec_int.o(i.TIM1_UP_TIM10_IRQHandler)
    TIM2_IRQHandler                          0x08001073   Thumb Code    10  gec_int.o(i.TIM2_IRQHandler)
    TIM3_IRQHandler                          0x0800107d   Thumb Code    10  gec_int.o(i.TIM3_IRQHandler)
    TIM4_IRQHandler                          0x08001087   Thumb Code    10  gec_int.o(i.TIM4_IRQHandler)
    TIM5_IRQHandler                          0x08001091   Thumb Code    10  gec_int.o(i.TIM5_IRQHandler)
    TIM6_DAC_IRQHandler                      0x0800109b   Thumb Code    10  gec_int.o(i.TIM6_DAC_IRQHandler)
    TIM7_IRQHandler                          0x080010a5   Thumb Code    10  gec_int.o(i.TIM7_IRQHandler)
    TIM8_BRK_TIM12_IRQHandler                0x080010af   Thumb Code    10  gec_int.o(i.TIM8_BRK_TIM12_IRQHandler)
    TIM8_CC_IRQHandler                       0x080010b9   Thumb Code    10  gec_int.o(i.TIM8_CC_IRQHandler)
    TIM8_TRG_COM_TIM14_IRQHandler            0x080010c3   Thumb Code    10  gec_int.o(i.TIM8_TRG_COM_TIM14_IRQHandler)
    TIM8_UP_TIM13_IRQHandler                 0x080010cd   Thumb Code    10  gec_int.o(i.TIM8_UP_TIM13_IRQHandler)
    TIM_ARRPreloadConfig                     0x080010d7   Thumb Code    24  stm32f4xx_tim.o(i.TIM_ARRPreloadConfig)
    TIM_ClearITPendingBit                    0x080010ef   Thumb Code     6  stm32f4xx_tim.o(i.TIM_ClearITPendingBit)
    TIM_Cmd                                  0x080010f5   Thumb Code    24  stm32f4xx_tim.o(i.TIM_Cmd)
    TIM_GetITStatus                          0x0800110d   Thumb Code    34  stm32f4xx_tim.o(i.TIM_GetITStatus)
    TIM_ITConfig                             0x0800112f   Thumb Code    18  stm32f4xx_tim.o(i.TIM_ITConfig)
    TIM_TimeBaseInit                         0x08001141   Thumb Code   104  stm32f4xx_tim.o(i.TIM_TimeBaseInit)
    UART4_IRQHandler                         0x080011c5   Thumb Code    10  gec_int.o(i.UART4_IRQHandler)
    UART5_IRQHandler                         0x080011cf   Thumb Code    10  gec_int.o(i.UART5_IRQHandler)
    USART1_IRQHandler                        0x080011d9   Thumb Code    10  gec_int.o(i.USART1_IRQHandler)
    USART2_IRQHandler                        0x080011e3   Thumb Code    10  gec_int.o(i.USART2_IRQHandler)
    USART3_IRQHandler                        0x080011ed   Thumb Code    10  gec_int.o(i.USART3_IRQHandler)
    USART6_IRQHandler                        0x080011f7   Thumb Code    10  gec_int.o(i.USART6_IRQHandler)
    USART_Cmd                                0x08001201   Thumb Code    24  stm32f4xx_usart.o(i.USART_Cmd)
    USART_GetFlagStatus                      0x08001219   Thumb Code    26  stm32f4xx_usart.o(i.USART_GetFlagStatus)
    USART_ITConfig                           0x08001233   Thumb Code    74  stm32f4xx_usart.o(i.USART_ITConfig)
    USART_Init                               0x0800127d   Thumb Code   204  stm32f4xx_usart.o(i.USART_Init)
    USART_SendData                           0x08001351   Thumb Code     8  stm32f4xx_usart.o(i.USART_SendData)
    WWDG_IRQHandler                          0x08001359   Thumb Code    10  gec_int.o(i.WWDG_IRQHandler)
    data_init                                0x08001365   Thumb Code    30  uart.o(i.data_init)
    del_data                                 0x08001389   Thumb Code   122  uart.o(i.del_data)
    get_data                                 0x08001415   Thumb Code    12  uart.o(i.get_data)
    main                                     0x0800168d   Thumb Code    74  main.o(i.main)
    mdelay                                   0x080016dd   Thumb Code    62  gec_time.o(i.mdelay)
    read_dht11                               0x08001725   Thumb Code   292  uart.o(i.read_dht11)
    set_DATA                                 0x0800187d   Thumb Code    44  uart.o(i.set_DATA)
    set_data                                 0x080018cd   Thumb Code    16  uart.o(i.set_data)
    set_warning                              0x080018e1   Thumb Code    80  uart.o(i.set_warning)
    uart1_init                               0x0800194d   Thumb Code    28  uart.o(i.uart1_init)
    udelay                                   0x0800196d   Thumb Code    60  gec_time.o(i.udelay)
    _fp_init                                 0x080019b5   Thumb Code    10  fpinit.o(x$fpl$fpinit)
    __fplib_config_fpu_vfp                   0x080019bd   Thumb Code     0  fpinit.o(x$fpl$fpinit)
    __fplib_config_pureend_doubles           0x080019bd   Thumb Code     0  fpinit.o(x$fpl$fpinit)
    Region$$Table$$Base                      0x080019c0   Number         0  anon$$obj.o(Region$$Table)
    Region$$Table$$Limit                     0x080019e0   Number         0  anon$$obj.o(Region$$Table)
    SystemCoreClock                          0x2000001c   Data           4  system_stm32f4xx.o(.data)
    AHBPrescTable                            0x20000020   Data          16  system_stm32f4xx.o(.data)
    flag                                     0x20000030   Data           4  uart.o(.data)
    t                                        0x20000034   Data           4  uart.o(.data)
    over_time_counter                        0x20000038   Data           2  uart.o(.data)
    RH_data_H                                0x2000003a   Data           1  uart.o(.data)
    RH_data_L                                0x2000003b   Data           1  uart.o(.data)
    TEM_data_H                               0x2000003c   Data           1  uart.o(.data)
    TEM_data_L                               0x2000003d   Data           1  uart.o(.data)
    check_data                               0x2000003e   Data           1  uart.o(.data)
    TEM_data_H_temp                          0x2000003f   Data           1  uart.o(.data)
    TEM_data_L_temp                          0x20000040   Data           1  uart.o(.data)
    RH_data_H_temp                           0x20000041   Data           1  uart.o(.data)
    RH_data_L_temp                           0x20000042   Data           1  uart.o(.data)
    check_data_temp                          0x20000043   Data           1  uart.o(.data)
    byte_value                               0x20000044   Data           1  uart.o(.data)
    RH                                       0x20000045   Data           3  uart.o(.data)
    TEM                                      0x20000048   Data           3  uart.o(.data)
    Gec_IntVectTbl                           0x2000004c   Data         364  gec_int.o(.bss)
    __libspace_start                         0x2000039c   Data          96  libspace.o(.bss)
    __temporary_stack_top$libspace           0x200003fc   Data           0  libspace.o(.bss)



==============================================================================

Memory Map of the image

  Image Entry point : 0x08000189

  Load Region LR_IROM1 (Base: 0x08000000, Size: 0x00001a2c, Max: 0x00080000, ABSOLUTE)

    Execution Region ER_IROM1 (Base: 0x08000000, Size: 0x000019e0, Max: 0x00080000, ABSOLUTE)

    Base Addr    Size         Type   Attr      Idx    E Section Name        Object

    0x08000000   0x00000188   Data   RO            3    RESET               startup_stm32f40xx.o
    0x08000188   0x00000008   Code   RO         6201  * !!!main             c_w.l(__main.o)
    0x08000190   0x00000034   Code   RO         6357    !!!scatter          c_w.l(__scatter.o)
    0x080001c4   0x0000001a   Code   RO         6359    !!handler_copy      c_w.l(__scatter_copy.o)
    0x080001de   0x00000002   PAD
    0x080001e0   0x0000001c   Code   RO         6361    !!handler_zi        c_w.l(__scatter_zi.o)
    0x080001fc   0x00000002   Code   RO         6228    .ARM.Collect$$libinit$$00000000  c_w.l(libinit.o)
    0x080001fe   0x00000004   Code   RO         6234    .ARM.Collect$$libinit$$00000001  c_w.l(libinit2.o)
    0x08000202   0x00000000   Code   RO         6237    .ARM.Collect$$libinit$$00000004  c_w.l(libinit2.o)
    0x08000202   0x00000000   Code   RO         6240    .ARM.Collect$$libinit$$0000000A  c_w.l(libinit2.o)
    0x08000202   0x00000000   Code   RO         6242    .ARM.Collect$$libinit$$0000000C  c_w.l(libinit2.o)
    0x08000202   0x00000000   Code   RO         6244    .ARM.Collect$$libinit$$0000000E  c_w.l(libinit2.o)
    0x08000202   0x00000000   Code   RO         6247    .ARM.Collect$$libinit$$00000011  c_w.l(libinit2.o)
    0x08000202   0x00000000   Code   RO         6249    .ARM.Collect$$libinit$$00000013  c_w.l(libinit2.o)
    0x08000202   0x00000000   Code   RO         6251    .ARM.Collect$$libinit$$00000015  c_w.l(libinit2.o)
    0x08000202   0x00000000   Code   RO         6253    .ARM.Collect$$libinit$$00000017  c_w.l(libinit2.o)
    0x08000202   0x00000000   Code   RO         6255    .ARM.Collect$$libinit$$00000019  c_w.l(libinit2.o)
    0x08000202   0x00000000   Code   RO         6257    .ARM.Collect$$libinit$$0000001B  c_w.l(libinit2.o)
    0x08000202   0x00000000   Code   RO         6259    .ARM.Collect$$libinit$$0000001D  c_w.l(libinit2.o)
    0x08000202   0x00000000   Code   RO         6261    .ARM.Collect$$libinit$$0000001F  c_w.l(libinit2.o)
    0x08000202   0x00000000   Code   RO         6263    .ARM.Collect$$libinit$$00000021  c_w.l(libinit2.o)
    0x08000202   0x00000000   Code   RO         6265    .ARM.Collect$$libinit$$00000023  c_w.l(libinit2.o)
    0x08000202   0x00000000   Code   RO         6267    .ARM.Collect$$libinit$$00000025  c_w.l(libinit2.o)
    0x08000202   0x00000000   Code   RO         6271    .ARM.Collect$$libinit$$0000002C  c_w.l(libinit2.o)
    0x08000202   0x00000000   Code   RO         6273    .ARM.Collect$$libinit$$0000002E  c_w.l(libinit2.o)
    0x08000202   0x00000000   Code   RO         6275    .ARM.Collect$$libinit$$00000030  c_w.l(libinit2.o)
    0x08000202   0x00000000   Code   RO         6277    .ARM.Collect$$libinit$$00000032  c_w.l(libinit2.o)
    0x08000202   0x00000002   Code   RO         6278    .ARM.Collect$$libinit$$00000033  c_w.l(libinit2.o)
    0x08000204   0x00000002   Code   RO         6298    .ARM.Collect$$libshutdown$$00000000  c_w.l(libshutdown.o)
    0x08000206   0x00000000   Code   RO         6312    .ARM.Collect$$libshutdown$$00000003  c_w.l(libshutdown2.o)
    0x08000206   0x00000000   Code   RO         6315    .ARM.Collect$$libshutdown$$00000006  c_w.l(libshutdown2.o)
    0x08000206   0x00000000   Code   RO         6318    .ARM.Collect$$libshutdown$$00000009  c_w.l(libshutdown2.o)
    0x08000206   0x00000000   Code   RO         6320    .ARM.Collect$$libshutdown$$0000000B  c_w.l(libshutdown2.o)
    0x08000206   0x00000000   Code   RO         6323    .ARM.Collect$$libshutdown$$0000000E  c_w.l(libshutdown2.o)
    0x08000206   0x00000002   Code   RO         6324    .ARM.Collect$$libshutdown$$0000000F  c_w.l(libshutdown2.o)
    0x08000208   0x00000000   Code   RO         6203    .ARM.Collect$$rtentry$$00000000  c_w.l(__rtentry.o)
    0x08000208   0x00000000   Code   RO         6205    .ARM.Collect$$rtentry$$00000002  c_w.l(__rtentry2.o)
    0x08000208   0x00000006   Code   RO         6217    .ARM.Collect$$rtentry$$00000004  c_w.l(__rtentry4.o)
    0x0800020e   0x00000000   Code   RO         6207    .ARM.Collect$$rtentry$$00000009  c_w.l(__rtentry2.o)
    0x0800020e   0x00000004   Code   RO         6208    .ARM.Collect$$rtentry$$0000000A  c_w.l(__rtentry2.o)
    0x08000212   0x00000000   Code   RO         6210    .ARM.Collect$$rtentry$$0000000C  c_w.l(__rtentry2.o)
    0x08000212   0x00000008   Code   RO         6211    .ARM.Collect$$rtentry$$0000000D  c_w.l(__rtentry2.o)
    0x0800021a   0x00000002   Code   RO         6232    .ARM.Collect$$rtexit$$00000000  c_w.l(rtexit.o)
    0x0800021c   0x00000000   Code   RO         6280    .ARM.Collect$$rtexit$$00000002  c_w.l(rtexit2.o)
    0x0800021c   0x00000004   Code   RO         6281    .ARM.Collect$$rtexit$$00000003  c_w.l(rtexit2.o)
    0x08000220   0x00000006   Code   RO         6282    .ARM.Collect$$rtexit$$00000004  c_w.l(rtexit2.o)
    0x08000226   0x00000002   PAD
    0x08000228   0x00000048   Code   RO            4    .text               startup_stm32f40xx.o
    0x08000270   0x00000006   Code   RO         6199    .text               c_w.l(heapauxi.o)
    0x08000276   0x0000004a   Code   RO         6219    .text               c_w.l(sys_stackheap_outer.o)
    0x080002c0   0x0000000c   Code   RO         6221    .text               c_w.l(exit.o)
    0x080002cc   0x00000008   Code   RO         6229    .text               c_w.l(libspace.o)
    0x080002d4   0x0000000c   Code   RO         6290    .text               c_w.l(sys_exit.o)
    0x080002e0   0x00000002   Code   RO         6301    .text               c_w.l(use_no_semi.o)
    0x080002e2   0x00000000   Code   RO         6303    .text               c_w.l(indicate_semi.o)
    0x080002e2   0x0000000a   Code   RO         5266    i.ADC_IRQHandler    gec_int.o
    0x080002ec   0x00000084   Code   RO         5827    i.Add_Timer         gec_time.o
    0x08000370   0x0000000a   Code   RO         5267    i.CAN1_RX0_IRQHandler  gec_int.o
    0x0800037a   0x0000000a   Code   RO         5268    i.CAN1_RX1_IRQHandler  gec_int.o
    0x08000384   0x0000000a   Code   RO         5269    i.CAN1_SCE_IRQHandler  gec_int.o
    0x0800038e   0x0000000a   Code   RO         5270    i.CAN1_TX_IRQHandler  gec_int.o
    0x08000398   0x0000000a   Code   RO         5271    i.CAN2_RX0_IRQHandler  gec_int.o
    0x080003a2   0x0000000a   Code   RO         5272    i.CAN2_RX1_IRQHandler  gec_int.o
    0x080003ac   0x0000000a   Code   RO         5273    i.CAN2_SCE_IRQHandler  gec_int.o
    0x080003b6   0x0000000a   Code   RO         5274    i.CAN2_TX_IRQHandler  gec_int.o
    0x080003c0   0x0000000a   Code   RO         5275    i.CRYP_IRQHandler   gec_int.o
    0x080003ca   0x0000000a   Code   RO         5276    i.DCMI_IRQHandler   gec_int.o
    0x080003d4   0x0000000a   Code   RO         5277    i.DMA1_Stream0_IRQHandler  gec_int.o
    0x080003de   0x0000000a   Code   RO         5278    i.DMA1_Stream1_IRQHandler  gec_int.o
    0x080003e8   0x0000000a   Code   RO         5279    i.DMA1_Stream2_IRQHandler  gec_int.o
    0x080003f2   0x0000000a   Code   RO         5280    i.DMA1_Stream3_IRQHandler  gec_int.o
    0x080003fc   0x0000000a   Code   RO         5281    i.DMA1_Stream4_IRQHandler  gec_int.o
    0x08000406   0x0000000a   Code   RO         5282    i.DMA1_Stream5_IRQHandler  gec_int.o
    0x08000410   0x0000000a   Code   RO         5283    i.DMA1_Stream6_IRQHandler  gec_int.o
    0x0800041a   0x0000000a   Code   RO         5284    i.DMA1_Stream7_IRQHandler  gec_int.o
    0x08000424   0x0000000a   Code   RO         5285    i.DMA2_Stream0_IRQHandler  gec_int.o
    0x0800042e   0x0000000a   Code   RO         5286    i.DMA2_Stream1_IRQHandler  gec_int.o
    0x08000438   0x0000000a   Code   RO         5287    i.DMA2_Stream2_IRQHandler  gec_int.o
    0x08000442   0x0000000a   Code   RO         5288    i.DMA2_Stream3_IRQHandler  gec_int.o
    0x0800044c   0x0000000a   Code   RO         5289    i.DMA2_Stream4_IRQHandler  gec_int.o
    0x08000456   0x0000000a   Code   RO         5290    i.DMA2_Stream5_IRQHandler  gec_int.o
    0x08000460   0x0000000a   Code   RO         5291    i.DMA2_Stream6_IRQHandler  gec_int.o
    0x0800046a   0x0000000a   Code   RO         5292    i.DMA2_Stream7_IRQHandler  gec_int.o
    0x08000474   0x00000078   Code   RO         5828    i.Del_Timeout_Timer  gec_time.o
    0x080004ec   0x0000000a   Code   RO         5293    i.ETH_IRQHandler    gec_int.o
    0x080004f6   0x0000000a   Code   RO         5294    i.ETH_WKUP_IRQHandler  gec_int.o
    0x08000500   0x0000000a   Code   RO         5295    i.EXTI0_IRQHandler  gec_int.o
    0x0800050a   0x0000000a   Code   RO         5296    i.EXTI15_10_IRQHandler  gec_int.o
    0x08000514   0x0000000a   Code   RO         5297    i.EXTI1_IRQHandler  gec_int.o
    0x0800051e   0x0000000a   Code   RO         5298    i.EXTI2_IRQHandler  gec_int.o
    0x08000528   0x0000000a   Code   RO         5299    i.EXTI3_IRQHandler  gec_int.o
    0x08000532   0x0000000a   Code   RO         5300    i.EXTI4_IRQHandler  gec_int.o
    0x0800053c   0x0000000a   Code   RO         5301    i.EXTI9_5_IRQHandler  gec_int.o
    0x08000546   0x00000002   PAD
    0x08000548   0x00000094   Code   RO         1485    i.EXTI_Init         stm32f4xx_exti.o
    0x080005dc   0x0000000a   Code   RO         5302    i.FLASH_IRQHandler  gec_int.o
    0x080005e6   0x0000000a   Code   RO         5303    i.FPU_IRQHandler    gec_int.o
    0x080005f0   0x0000000a   Code   RO         5304    i.FSMC_IRQHandler   gec_int.o
    0x080005fa   0x00000090   Code   RO         1993    i.GPIO_Init         stm32f4xx_gpio.o
    0x0800068a   0x00000046   Code   RO         1994    i.GPIO_PinAFConfig  stm32f4xx_gpio.o
    0x080006d0   0x00000012   Code   RO         1997    i.GPIO_ReadInputDataBit  stm32f4xx_gpio.o
    0x080006e2   0x0000000a   Code   RO         2005    i.GPIO_WriteBit     stm32f4xx_gpio.o
    0x080006ec   0x00000010   Code   RO         5125    i.Gec_GPIO_Get_Value  gec_gpio.o
    0x080006fc   0x000000a6   Code   RO         5126    i.Gec_GPIO_Init     gec_gpio.o
    0x080007a2   0x0000001c   Code   RO         5127    i.Gec_GPIO_Set_Value  gec_gpio.o
    0x080007be   0x00000002   PAD
    0x080007c0   0x00000020   Code   RO         5305    i.Gec_IntHandler    gec_int.o
    0x080007e0   0x00000002   Code   RO         5306    i.Gec_IntHandler_Dummy  gec_int.o
    0x080007e2   0x00000002   PAD
    0x080007e4   0x00000020   Code   RO         5307    i.Gec_Int_Disable   gec_int.o
    0x08000804   0x0000001c   Code   RO         5308    i.Gec_Int_Enable    gec_int.o
    0x08000820   0x00000060   Code   RO         5309    i.Gec_Int_Init      gec_int.o
    0x08000880   0x00000010   Code   RO         5310    i.Gec_Int_Register  gec_int.o
    0x08000890   0x0000000c   Code   RO         5254    i.Gec_Lib_Init      gec_init.o
    0x0800089c   0x00000030   Code   RO         5833    i.Gec_Timer_Init    gec_time.o
    0x080008cc   0x0000017c   Code   RO         5948    i.Gec_UART_Init     gec_uart.o
    0x08000a48   0x00000048   Code   RO         5950    i.Gec_UART_Write    gec_uart.o
    0x08000a90   0x0000000a   Code   RO         5312    i.HASH_RNG_IRQHandler  gec_int.o
    0x08000a9a   0x00000002   PAD
    0x08000a9c   0x00000080   Code   RO         5836    i.Hardware_Timer_IRQHandler  gec_time.o
    0x08000b1c   0x00000054   Code   RO         5837    i.Hardware_Timer_Init  gec_time.o
    0x08000b70   0x0000000a   Code   RO         5313    i.I2C1_ER_IRQHandler  gec_int.o
    0x08000b7a   0x0000000a   Code   RO         5314    i.I2C1_EV_IRQHandler  gec_int.o
    0x08000b84   0x0000000a   Code   RO         5315    i.I2C2_ER_IRQHandler  gec_int.o
    0x08000b8e   0x0000000a   Code   RO         5316    i.I2C2_EV_IRQHandler  gec_int.o
    0x08000b98   0x0000000a   Code   RO         5317    i.I2C3_ER_IRQHandler  gec_int.o
    0x08000ba2   0x0000000a   Code   RO         5318    i.I2C3_EV_IRQHandler  gec_int.o
    0x08000bac   0x00000014   Code   RO           14    i.NVIC_PriorityGroupConfig  misc.o
    0x08000bc0   0x00000028   Code   RO         5838    i.NVIC_SetPriority  gec_time.o
    0x08000be8   0x0000000a   Code   RO         5319    i.OTG_FS_IRQHandler  gec_int.o
    0x08000bf2   0x0000000a   Code   RO         5320    i.OTG_FS_WKUP_IRQHandler  gec_int.o
    0x08000bfc   0x0000000a   Code   RO         5321    i.OTG_HS_EP1_IN_IRQHandler  gec_int.o
    0x08000c06   0x0000000a   Code   RO         5322    i.OTG_HS_EP1_OUT_IRQHandler  gec_int.o
    0x08000c10   0x0000000a   Code   RO         5323    i.OTG_HS_IRQHandler  gec_int.o
    0x08000c1a   0x0000000a   Code   RO         5324    i.OTG_HS_WKUP_IRQHandler  gec_int.o
    0x08000c24   0x0000000a   Code   RO         5325    i.PVD_IRQHandler    gec_int.o
    0x08000c2e   0x00000002   PAD
    0x08000c30   0x00000020   Code   RO         2919    i.RCC_AHB1PeriphClockCmd  stm32f4xx_rcc.o
    0x08000c50   0x00000020   Code   RO         2928    i.RCC_APB1PeriphClockCmd  stm32f4xx_rcc.o
    0x08000c70   0x00000020   Code   RO         2931    i.RCC_APB2PeriphClockCmd  stm32f4xx_rcc.o
    0x08000c90   0x000000e8   Code   RO         2940    i.RCC_GetClocksFreq  stm32f4xx_rcc.o
    0x08000d78   0x0000000a   Code   RO         5326    i.RCC_IRQHandler    gec_int.o
    0x08000d82   0x0000000a   Code   RO         5327    i.RTC_Alarm_IRQHandler  gec_int.o
    0x08000d8c   0x0000000a   Code   RO         5328    i.RTC_WKUP_IRQHandler  gec_int.o
    0x08000d96   0x00000002   PAD
    0x08000d98   0x000000a0   Code   RO         6122    i.Read_Byte         uart.o
    0x08000e38   0x0000000a   Code   RO         5329    i.SDIO_IRQHandler   gec_int.o
    0x08000e42   0x0000000a   Code   RO         5330    i.SPI1_IRQHandler   gec_int.o
    0x08000e4c   0x0000000a   Code   RO         5331    i.SPI2_IRQHandler   gec_int.o
    0x08000e56   0x0000000a   Code   RO         5332    i.SPI3_IRQHandler   gec_int.o
    0x08000e60   0x00000040   Code   RO         4242    i.SYSCFG_EXTILineConfig  stm32f4xx_syscfg.o
    0x08000ea0   0x000000ec   Code   RO         5997    i.SetSysClock       system_stm32f4xx.o
    0x08000f8c   0x00000032   Code   RO         5839    i.SysTick_Config    gec_time.o
    0x08000fbe   0x00000002   PAD
    0x08000fc0   0x00000018   Code   RO         5840    i.SysTick_Handler   gec_time.o
    0x08000fd8   0x00000068   Code   RO         5999    i.SystemInit        system_stm32f4xx.o
    0x08001040   0x0000000a   Code   RO         5333    i.TAMP_STAMP_IRQHandler  gec_int.o
    0x0800104a   0x0000000a   Code   RO         5334    i.TIM1_BRK_TIM9_IRQHandler  gec_int.o
    0x08001054   0x0000000a   Code   RO         5335    i.TIM1_CC_IRQHandler  gec_int.o
    0x0800105e   0x0000000a   Code   RO         5336    i.TIM1_TRG_COM_TIM11_IRQHandler  gec_int.o
    0x08001068   0x0000000a   Code   RO         5337    i.TIM1_UP_TIM10_IRQHandler  gec_int.o
    0x08001072   0x0000000a   Code   RO         5338    i.TIM2_IRQHandler   gec_int.o
    0x0800107c   0x0000000a   Code   RO         5339    i.TIM3_IRQHandler   gec_int.o
    0x08001086   0x0000000a   Code   RO         5340    i.TIM4_IRQHandler   gec_int.o
    0x08001090   0x0000000a   Code   RO         5341    i.TIM5_IRQHandler   gec_int.o
    0x0800109a   0x0000000a   Code   RO         5342    i.TIM6_DAC_IRQHandler  gec_int.o
    0x080010a4   0x0000000a   Code   RO         5343    i.TIM7_IRQHandler   gec_int.o
    0x080010ae   0x0000000a   Code   RO         5344    i.TIM8_BRK_TIM12_IRQHandler  gec_int.o
    0x080010b8   0x0000000a   Code   RO         5345    i.TIM8_CC_IRQHandler  gec_int.o
    0x080010c2   0x0000000a   Code   RO         5346    i.TIM8_TRG_COM_TIM14_IRQHandler  gec_int.o
    0x080010cc   0x0000000a   Code   RO         5347    i.TIM8_UP_TIM13_IRQHandler  gec_int.o
    0x080010d6   0x00000018   Code   RO         4303    i.TIM_ARRPreloadConfig  stm32f4xx_tim.o
    0x080010ee   0x00000006   Code   RO         4310    i.TIM_ClearITPendingBit  stm32f4xx_tim.o
    0x080010f4   0x00000018   Code   RO         4315    i.TIM_Cmd           stm32f4xx_tim.o
    0x0800110c   0x00000022   Code   RO         4336    i.TIM_GetITStatus   stm32f4xx_tim.o
    0x0800112e   0x00000012   Code   RO         4340    i.TIM_ITConfig      stm32f4xx_tim.o
    0x08001140   0x00000084   Code   RO         4387    i.TIM_TimeBaseInit  stm32f4xx_tim.o
    0x080011c4   0x0000000a   Code   RO         5348    i.UART4_IRQHandler  gec_int.o
    0x080011ce   0x0000000a   Code   RO         5349    i.UART5_IRQHandler  gec_int.o
    0x080011d8   0x0000000a   Code   RO         5350    i.USART1_IRQHandler  gec_int.o
    0x080011e2   0x0000000a   Code   RO         5351    i.USART2_IRQHandler  gec_int.o
    0x080011ec   0x0000000a   Code   RO         5352    i.USART3_IRQHandler  gec_int.o
    0x080011f6   0x0000000a   Code   RO         5353    i.USART6_IRQHandler  gec_int.o
    0x08001200   0x00000018   Code   RO         4869    i.USART_Cmd         stm32f4xx_usart.o
    0x08001218   0x0000001a   Code   RO         4872    i.USART_GetFlagStatus  stm32f4xx_usart.o
    0x08001232   0x0000004a   Code   RO         4875    i.USART_ITConfig    stm32f4xx_usart.o
    0x0800127c   0x000000d4   Code   RO         4876    i.USART_Init        stm32f4xx_usart.o
    0x08001350   0x00000008   Code   RO         4886    i.USART_SendData    stm32f4xx_usart.o
    0x08001358   0x0000000a   Code   RO         5354    i.WWDG_IRQHandler   gec_int.o
    0x08001362   0x00000002   PAD
    0x08001364   0x00000024   Code   RO         6123    i.data_init         uart.o
    0x08001388   0x0000008c   Code   RO         6124    i.del_data          uart.o
    0x08001414   0x00000010   Code   RO         6125    i.get_data          uart.o
    0x08001424   0x00000022   Code   RO         5129    i.get_exti_trigger  gec_gpio.o
    0x08001446   0x00000002   PAD
    0x08001448   0x000000a0   Code   RO         5130    i.get_gpio_clock_group  gec_gpio.o
    0x080014e8   0x000000a8   Code   RO         5131    i.get_gpio_exti_pin  gec_gpio.o
    0x08001590   0x0000009c   Code   RO         5132    i.get_gpio_exti_port  gec_gpio.o
    0x0800162c   0x00000018   Code   RO         5133    i.get_stm32gpioPuPd  gec_gpio.o
    0x08001644   0x00000046   Code   RO         5134    i.get_stm32gpiomode  gec_gpio.o
    0x0800168a   0x00000002   PAD
    0x0800168c   0x00000050   Code   RO         6038    i.main              main.o
    0x080016dc   0x00000048   Code   RO         5841    i.mdelay            gec_time.o
    0x08001724   0x00000158   Code   RO         6126    i.read_dht11        uart.o
    0x0800187c   0x00000050   Code   RO         6127    i.set_DATA          uart.o
    0x080018cc   0x00000014   Code   RO         6128    i.set_data          uart.o
    0x080018e0   0x0000006c   Code   RO         6129    i.set_warning       uart.o
    0x0800194c   0x00000020   Code   RO         6130    i.uart1_init        uart.o
    0x0800196c   0x00000048   Code   RO         5842    i.udelay            gec_time.o
    0x080019b4   0x0000000a   Code   RO         6288    x$fpl$fpinit        fz_wm.l(fpinit.o)
    0x080019be   0x00000002   PAD
    0x080019c0   0x00000020   Data   RO         6355    Region$$Table       anon$$obj.o


    Execution Region RW_IRAM1 (Base: 0x20000000, Size: 0x00000a00, Max: 0x00020000, ABSOLUTE)

    Base Addr    Size         Type   Attr      Idx    E Section Name        Object

    0x20000000   0x00000010   Data   RW         2972    .data               stm32f4xx_rcc.o
    0x20000010   0x0000000c   Data   RW         5844    .data               gec_time.o
    0x2000001c   0x00000014   Data   RW         6000    .data               system_stm32f4xx.o
    0x20000030   0x0000001b   Data   RW         6131    .data               uart.o
    0x2000004b   0x00000001   PAD
    0x2000004c   0x0000016c   Zero   RW         5355    .bss                gec_int.o
    0x200001b8   0x000001e4   Zero   RW         5843    .bss                gec_time.o
    0x2000039c   0x00000060   Zero   RW         6230    .bss                c_w.l(libspace.o)
    0x200003fc   0x00000004   PAD
    0x20000400   0x00000200   Zero   RW            2    HEAP                startup_stm32f40xx.o
    0x20000600   0x00000400   Zero   RW            1    STACK               startup_stm32f40xx.o


==============================================================================

Image component sizes


      Code (inc. data)   RO Data    RW Data    ZI Data      Debug   Object Name

       822         90          0          0          0       7222   gec_gpio.o
         0          0          0          0          0        416   gec_i2c.o
        12          0          0          0          0        547   gec_init.o
      1026         32          0          0        364      79144   gec_int.o
       770         90          0         12        484       7895   gec_time.o
       452         20          0          0          0       2297   gec_uart.o
        80          6          0          0          0        547   main.o
        20         10          0          0          0     292751   misc.o
        72         30        392          0       1536        908   startup_stm32f40xx.o
       148          6          0          0          0       1076   stm32f4xx_exti.o
       242          0          0          0          0       3279   stm32f4xx_gpio.o
       328         36          0         16          0       4995   stm32f4xx_rcc.o
        64          4          0          0          0        708   stm32f4xx_syscfg.o
       238         28          0          0          0       4637   stm32f4xx_tim.o
       344          8          0          0          0       4433   stm32f4xx_usart.o
       340         32          0         20          0       2069   system_stm32f4xx.o
       936        166          0         27          0       6596   uart.o

    ----------------------------------------------------------------------
      5914        558        424         76       2384     419520   Object Totals
         0          0         32          0          0          0   (incl. Generated)
        20          0          0          1          0          0   (incl. Padding)

    ----------------------------------------------------------------------

      Code (inc. data)   RO Data    RW Data    ZI Data      Debug   Library Member Name

         8          0          0          0          0         68   __main.o
         0          0          0          0          0          0   __rtentry.o
        12          0          0          0          0          0   __rtentry2.o
         6          0          0          0          0          0   __rtentry4.o
        52          8          0          0          0          0   __scatter.o
        26          0          0          0          0          0   __scatter_copy.o
        28          0          0          0          0          0   __scatter_zi.o
        12          0          0          0          0         72   exit.o
         6          0          0          0          0        152   heapauxi.o
         0          0          0          0          0          0   indicate_semi.o
         2          0          0          0          0          0   libinit.o
         6          0          0          0          0          0   libinit2.o
         2          0          0          0          0          0   libshutdown.o
         2          0          0          0          0          0   libshutdown2.o
         8          4          0          0         96         68   libspace.o
         2          0          0          0          0          0   rtexit.o
        10          0          0          0          0          0   rtexit2.o
        12          4          0          0          0         68   sys_exit.o
        74          0          0          0          0         80   sys_stackheap_outer.o
         2          0          0          0          0         68   use_no_semi.o
        10          0          0          0          0        116   fpinit.o

    ----------------------------------------------------------------------
       286         16          0          0        100        692   Library Totals
         6          0          0          0          4          0   (incl. Padding)

    ----------------------------------------------------------------------

      Code (inc. data)   RO Data    RW Data    ZI Data      Debug   Library Name

       270         16          0          0         96        576   c_w.l
        10          0          0          0          0        116   fz_wm.l

    ----------------------------------------------------------------------
       286         16          0          0        100        692   Library Totals

    ----------------------------------------------------------------------

==============================================================================


      Code (inc. data)   RO Data    RW Data    ZI Data      Debug   

      6200        574        424         76       2484     406056   Grand Totals
      6200        574        424         76       2484     406056   ELF Image Totals
      6200        574        424         76          0          0   ROM Totals

==============================================================================

    Total RO  Size (Code + RO Data)                 6624 (   6.47kB)
    Total RW  Size (RW Data + ZI Data)              2560 (   2.50kB)
    Total ROM Size (Code + RO Data + RW Data)       6700 (   6.54kB)

==============================================================================

